Component: ARM Compiler 5.06 update 3 (build 300) Tool: armlink [4d35c9]

==============================================================================

Section Cross References

    startup.o(STACK) refers (Special) to heapauxi.o(.text) for __use_two_region_memory
    startup.o(HEAP) refers (Special) to heapauxi.o(.text) for __use_two_region_memory
    startup.o(RESET) refers (Special) to heapauxi.o(.text) for __use_two_region_memory
    startup.o(RESET) refers to startup.o(STACK) for Stack_Top
    startup.o(RESET) refers to __main.o(!!!main) for __main
    startup.o(.text) refers (Special) to heapauxi.o(.text) for __use_two_region_memory
    startup.o(.text) refers to startup.o(HEAP) for Heap_Mem
    startup.o(.text) refers to startup.o(STACK) for Stack_Mem
    dev_oper.o(i.Cur_Data_ID_Comm_Devs_Receive_Oper_Func) refers to std_lib.o(i.Error_or_Warning_Proc) for Error_or_Warning_Proc
    dev_oper.o(i.Cur_Data_ID_Comm_Devs_Receive_Oper_Func) refers to dev_oper.o(i.Dev_Oper_Read_Status_Proc) for Dev_Oper_Read_Status_Proc
    dev_oper.o(i.Cur_Data_ID_Comm_Devs_Receive_Oper_Func) refers to main.o(.data) for cur_data_id
    dev_oper.o(i.Cur_Data_ID_Comm_Devs_Receive_Oper_Func) refers to main.o(.bss) for data_id_status_para
    dev_oper.o(i.Cur_Data_ID_Comm_Devs_Receive_Oper_Func) refers to main.o(.constdata) for data_ids_dev_srcs
    dev_oper.o(i.Cur_Data_ID_Comm_Devs_Receive_Oper_Func) refers to dev_oper.o(.data) for Dev_Oper_Func_Table
    dev_oper.o(i.Cur_Data_ID_Dev_Src_Basic_Oper_Func) refers to std_lib.o(i.Error_or_Warning_Proc) for Error_or_Warning_Proc
    dev_oper.o(i.Cur_Data_ID_Dev_Src_Basic_Oper_Func) refers to main.o(.data) for sys_error_or_warning_flag
    dev_oper.o(i.Cur_Data_ID_Dev_Src_Basic_Oper_Func) refers to dev_oper.o(.data) for Dev_Oper_Func_Table
    dev_oper.o(i.Cur_Data_ID_Devs_Src_Basic_Oper_Func) refers to std_lib.o(i.Error_or_Warning_Proc) for Error_or_Warning_Proc
    dev_oper.o(i.Cur_Data_ID_Devs_Src_Basic_Oper_Func) refers to dev_oper.o(i.Cur_Data_ID_Dev_Src_Basic_Oper_Func) for Cur_Data_ID_Dev_Src_Basic_Oper_Func
    dev_oper.o(i.Cur_Data_ID_Devs_Src_Basic_Oper_Func) refers to main.o(.data) for sys_error_or_warning_flag
    dev_oper.o(i.Cur_Data_ID_Devs_Src_Basic_Oper_Func) refers to main.o(.constdata) for data_ids_dev_srcs
    dev_oper.o(i.Cur_Data_ID_Input_Devs_Read_Oper_Func) refers to std_lib.o(i.Error_or_Warning_Proc) for Error_or_Warning_Proc
    dev_oper.o(i.Cur_Data_ID_Input_Devs_Read_Oper_Func) refers to dev_oper.o(i.Data_ID_Input_Try_Complete_Proc) for Data_ID_Input_Try_Complete_Proc
    dev_oper.o(i.Cur_Data_ID_Input_Devs_Read_Oper_Func) refers to dev_oper.o(i.Dev_Oper_Read_Status_Proc) for Dev_Oper_Read_Status_Proc
    dev_oper.o(i.Cur_Data_ID_Input_Devs_Read_Oper_Func) refers to main.o(.data) for cur_data_id
    dev_oper.o(i.Cur_Data_ID_Input_Devs_Read_Oper_Func) refers to main.o(.bss) for data_id_status_para
    dev_oper.o(i.Cur_Data_ID_Input_Devs_Read_Oper_Func) refers to main.o(.constdata) for data_id_ctrl_para
    dev_oper.o(i.Cur_Data_ID_Input_Devs_Read_Oper_Func) refers to dev_oper.o(.data) for Dev_Oper_Func_Table
    dev_oper.o(i.Cur_Data_ID_Output_Devs_Write_Oper_Func) refers to std_lib.o(i.Error_or_Warning_Proc) for Error_or_Warning_Proc
    dev_oper.o(i.Cur_Data_ID_Output_Devs_Write_Oper_Func) refers to main.o(.data) for sys_error_or_warning_flag
    dev_oper.o(i.Cur_Data_ID_Output_Devs_Write_Oper_Func) refers to main.o(.constdata) for data_id_ctrl_para
    dev_oper.o(i.Cur_Data_ID_Output_Devs_Write_Oper_Func) refers to main.o(.bss) for data_id_status_para
    dev_oper.o(i.Cur_Data_ID_Output_Devs_Write_Oper_Func) refers to dev_oper.o(.data) for Dev_Oper_Func_Table
    dev_oper.o(i.Data_Dev_Src_Access_Oper_Func) refers to std_lib.o(i.Error_or_Warning_Proc) for Error_or_Warning_Proc
    dev_oper.o(i.Data_Dev_Src_Access_Oper_Func) refers to dev_oper.o(i.Cur_Data_ID_Devs_Src_Basic_Oper_Func) for Cur_Data_ID_Devs_Src_Basic_Oper_Func
    dev_oper.o(i.Data_Dev_Src_Access_Oper_Func) refers to dev_oper.o(.constdata) for .constdata
    dev_oper.o(i.Data_Dev_Src_Access_Oper_Func) refers to main.o(.data) for cur_data_id
    dev_oper.o(i.Data_Dev_Src_Access_Oper_Func) refers to main.o(.constdata) for data_ids_dev_srcs
    dev_oper.o(i.Data_Dev_Src_Access_Oper_Func) refers to dev_oper.o(.data) for Dev_Oper_Func_Table
    dev_oper.o(i.Data_ID_Input_Try_Complete_Proc) refers to std_lib.o(i.Error_or_Warning_Proc) for Error_or_Warning_Proc
    dev_oper.o(i.Data_ID_Input_Try_Complete_Proc) refers to main.o(.data) for sys_error_or_warning_flag
    dev_oper.o(i.Data_ID_Input_Try_Complete_Proc) refers to main.o(.bss) for data_id_status_para
    dev_oper.o(i.Data_ID_Input_Try_Complete_Proc) refers to main.o(.constdata) for data_id_ctrl_para
    dev_oper.o(i.Data_ID_Src_Spec_Dev_Find_Dev_Ch_ID) refers to std_lib.o(i.Error_or_Warning_Proc) for Error_or_Warning_Proc
[...]
    std_lib.o(i.Write_Bit_in_Data) refers to main.o(.data) for sys_error_or_warning_flag
    rt_memcpy.o(.text) refers to rt_memcpy_w.o(.text) for __aeabi_memcpy4
    aeabi_sdiv.o(.text_udiv) refers to aeabi_sdiv.o(.text) for __arm_div2
    aeabi_sdiv_div0.o(.text_udiv) refers to aeabi_sdiv_div0.o(.text) for __arm_div2
    __main.o(!!!main) refers to __rtentry.o(.ARM.Collect$$rtentry$$00000000) for __rt_entry
    __rtentry.o(.ARM.Collect$$rtentry$$00000000) refers (Special) to __rtentry2.o(.ARM.Collect$$rtentry$$0000000A) for __rt_entry_li
    __rtentry.o(.ARM.Collect$$rtentry$$00000000) refers (Special) to __rtentry2.o(.ARM.Collect$$rtentry$$0000000D) for __rt_entry_main
    __rtentry.o(.ARM.Collect$$rtentry$$00000000) refers (Special) to __rtentry2.o(.ARM.Collect$$rtentry$$0000000C) for __rt_entry_postli_1
    __rtentry.o(.ARM.Collect$$rtentry$$00000000) refers (Special) to __rtentry2.o(.ARM.Collect$$rtentry$$00000009) for __rt_entry_postsh_1
    __rtentry.o(.ARM.Collect$$rtentry$$00000000) refers (Special) to __rtentry2.o(.ARM.Collect$$rtentry$$00000002) for __rt_entry_presh_1
    __rtentry.o(.ARM.Collect$$rtentry$$00000000) refers (Special) to __rtentry4.o(.ARM.Collect$$rtentry$$00000004) for __rt_entry_sh
    aeabi_idiv0_sigfpe.o(.text) refers to rt_div0.o(.text) for __rt_div0
    __rtentry2.o(.ARM.Collect$$rtentry$$00000008) refers to boardinit2.o(.text) for _platform_post_stackheap_init
    __rtentry2.o(.ARM.Collect$$rtentry$$0000000A) refers to libinit.o(.ARM.Collect$$libinit$$00000000) for __rt_lib_init
    __rtentry2.o(.ARM.Collect$$rtentry$$0000000B) refers to boardinit3.o(.text) for _platform_post_lib_init
    __rtentry2.o(.ARM.Collect$$rtentry$$0000000D) refers to exit.o(.text) for exit
    __rtentry2.o(.ARM.Collect$$rtentry$$0000000D) refers to main.o(i.main) for main
    __rtentry2.o(.ARM.exidx) refers to __rtentry2.o(.ARM.Collect$$rtentry$$00000001) for .ARM.Collect$$rtentry$$00000001
    __rtentry2.o(.ARM.exidx) refers to __rtentry2.o(.ARM.Collect$$rtentry$$00000008) for .ARM.Collect$$rtentry$$00000008
    __rtentry2.o(.ARM.exidx) refers to __rtentry2.o(.ARM.Collect$$rtentry$$0000000A) for .ARM.Collect$$rtentry$$0000000A
    __rtentry2.o(.ARM.exidx) refers to __rtentry2.o(.ARM.Collect$$rtentry$$0000000B) for .ARM.Collect$$rtentry$$0000000B
    __rtentry2.o(.ARM.exidx) refers to __rtentry2.o(.ARM.Collect$$rtentry$$0000000D) for .ARM.Collect$$rtentry$$0000000D
    __rtentry4.o(.ARM.Collect$$rtentry$$00000004) refers to sys_stackheap_outer.o(.text) for __user_setup_stackheap
    __rtentry4.o(.ARM.exidx) refers to __rtentry4.o(.ARM.Collect$$rtentry$$00000004) for .ARM.Collect$$rtentry$$00000004
    rt_div0.o(.text) refers to defsig_fpe_outer.o(.text) for __rt_SIGFPE
    sys_stackheap_outer.o(.text) refers to libspace.o(.text) for __user_perproc_libspace
    sys_stackheap_outer.o(.text) refers to startup.o(.text) for __user_initial_stackheap
    exit.o(.text) refers to rtexit.o(.ARM.Collect$$rtexit$$00000000) for __rt_exit
    defsig_fpe_outer.o(.text) refers to defsig_fpe_inner.o(.text) for __rt_SIGFPE_inner
    defsig_fpe_outer.o(.text) refers to defsig_exit.o(.text) for __sig_exit
    defsig_fpe_formal.o(.text) refers to rt_raise.o(.text) for __rt_raise
    libinit.o(.ARM.Collect$$libinit$$00000000) refers (Special) to libinit2.o(.ARM.Collect$$libinit$$0000002E) for __rt_lib_init_alloca_1
    libinit.o(.ARM.Collect$$libinit$$00000000) refers (Special) to libinit2.o(.ARM.Collect$$libinit$$0000002C) for __rt_lib_init_argv_1
    libinit.o(.ARM.Collect$$libinit$$00000000) refers (Special) to libinit2.o(.ARM.Collect$$libinit$$0000001B) for __rt_lib_init_atexit_1
    libinit.o(.ARM.Collect$$libinit$$00000000) refers (Special) to libinit2.o(.ARM.Collect$$libinit$$00000021) for __rt_lib_init_clock_1
    libinit.o(.ARM.Collect$$libinit$$00000000) refers (Special) to libinit2.o(.ARM.Collect$$libinit$$00000032) for __rt_lib_init_cpp_1
    libinit.o(.ARM.Collect$$libinit$$00000000) refers (Special) to libinit2.o(.ARM.Collect$$libinit$$00000030) for __rt_lib_init_exceptions_1
    libinit.o(.ARM.Collect$$libinit$$00000000) refers (Special) to libinit2.o(.ARM.Collect$$libinit$$00000002) for __rt_lib_init_fp_1
    libinit.o(.ARM.Collect$$libinit$$00000000) refers (Special) to libinit2.o(.ARM.Collect$$libinit$$0000001F) for __rt_lib_init_fp_trap_1
    libinit.o(.ARM.Collect$$libinit$$00000000) refers (Special) to libinit2.o(.ARM.Collect$$libinit$$00000023) for __rt_lib_init_getenv_1
    libinit.o(.ARM.Collect$$libinit$$00000000) refers (Special) to libinit2.o(.ARM.Collect$$libinit$$0000000A) for __rt_lib_init_heap_1
    libinit.o(.ARM.Collect$$libinit$$00000000) refers (Special) to libinit2.o(.ARM.Collect$$libinit$$00000011) for __rt_lib_init_lc_collate_1
    libinit.o(.ARM.Collect$$libinit$$00000000) refers (Special) to libinit2.o(.ARM.Collect$$libinit$$00000013) for __rt_lib_init_lc_ctype_1
    libinit.o(.ARM.Collect$$libinit$$00000000) refers (Special) to libinit2.o(.ARM.Collect$$libinit$$00000015) for __rt_lib_init_lc_monetary_1
    libinit.o(.ARM.Collect$$libinit$$00000000) refers (Special) to libinit2.o(.ARM.Collect$$libinit$$00000017) for __rt_lib_init_lc_numeric_1
    libinit.o(.ARM.Collect$$libinit$$00000000) refers (Special) to libinit2.o(.ARM.Collect$$libinit$$00000019) for __rt_lib_init_lc_time_1
    libinit.o(.ARM.Collect$$libinit$$00000000) refers (Special) to libinit2.o(.ARM.Collect$$libinit$$00000004) for __rt_lib_init_preinit_1
    libinit.o(.ARM.Collect$$libinit$$00000000) refers (Special) to libinit2.o(.ARM.Collect$$libinit$$0000000E) for __rt_lib_init_rand_1
    libinit.o(.ARM.Collect$$libinit$$00000000) refers (Special) to libinit2.o(.ARM.Collect$$libinit$$00000033) for __rt_lib_init_return
    libinit.o(.ARM.Collect$$libinit$$00000000) refers (Special) to libinit2.o(.ARM.Collect$$libinit$$0000001D) for __rt_lib_init_signal_1
    libinit.o(.ARM.Collect$$libinit$$00000000) refers (Special) to libinit2.o(.ARM.Collect$$libinit$$00000025) for __rt_lib_init_stdio_1
    libinit.o(.ARM.Collect$$libinit$$00000000) refers (Special) to libinit2.o(.ARM.Collect$$libinit$$0000000C) for __rt_lib_init_user_alloc_1
    libspace.o(.text) refers to libspace.o(.bss) for __libspace_start
    rtexit.o(.ARM.Collect$$rtexit$$00000000) refers (Special) to rtexit2.o(.ARM.Collect$$rtexit$$00000004) for __rt_exit_exit
    rtexit.o(.ARM.Collect$$rtexit$$00000000) refers (Special) to rtexit2.o(.ARM.Collect$$rtexit$$00000003) for __rt_exit_ls
    rtexit.o(.ARM.Collect$$rtexit$$00000000) refers (Special) to rtexit2.o(.ARM.Collect$$rtexit$$00000002) for __rt_exit_prels_1
    rtexit.o(.ARM.exidx) refers (Special) to rtexit2.o(.ARM.Collect$$rtexit$$00000004) for __rt_exit_exit
    rtexit.o(.ARM.exidx) refers (Special) to rtexit2.o(.ARM.Collect$$rtexit$$00000003) for __rt_exit_ls
    rtexit.o(.ARM.exidx) refers (Special) to rtexit2.o(.ARM.Collect$$rtexit$$00000002) for __rt_exit_prels_1
    rtexit.o(.ARM.exidx) refers to rtexit.o(.ARM.Collect$$rtexit$$00000000) for .ARM.Collect$$rtexit$$00000000
    rt_raise.o(.text) refers to __raise.o(.text) for __raise
    rt_raise.o(.text) refers to sys_exit.o(.text) for _sys_exit
    defsig_exit.o(.text) refers to sys_exit.o(.text) for _sys_exit
    defsig_fpe_inner.o(.text) refers to defsig_general.o(.text) for __default_signal_display
    libinit2.o(.ARM.Collect$$libinit$$00000001) refers to fpinit.o(x$fpl$fpinit) for _fp_init
    libinit2.o(.ARM.Collect$$libinit$$00000010) refers to libinit2.o(.ARM.Collect$$libinit$$0000000F) for .ARM.Collect$$libinit$$0000000F
    libinit2.o(.ARM.Collect$$libinit$$00000012) refers to libinit2.o(.ARM.Collect$$libinit$$0000000F) for .ARM.Collect$$libinit$$0000000F
    libinit2.o(.ARM.Collect$$libinit$$00000014) refers to libinit2.o(.ARM.Collect$$libinit$$0000000F) for .ARM.Collect$$libinit$$0000000F
    libinit2.o(.ARM.Collect$$libinit$$00000016) refers to libinit2.o(.ARM.Collect$$libinit$$0000000F) for .ARM.Collect$$libinit$$0000000F
    libinit2.o(.ARM.Collect$$libinit$$00000018) refers to libinit2.o(.ARM.Collect$$libinit$$0000000F) for .ARM.Collect$$libinit$$0000000F
    libinit2.o(.ARM.Collect$$libinit$$00000026) refers to argv_veneer.o(.emb_text) for __ARM_argv_veneer
    libinit2.o(.ARM.Collect$$libinit$$00000027) refers to argv_veneer.o(.emb_text) for __ARM_argv_veneer
    sys_exit.o(.text) refers (Special) to use_no_semi.o(.text) for __I$use$semihosting
    sys_exit.o(.text) refers (Special) to indicate_semi.o(.text) for __semihosting_library_function
    rtexit2.o(.ARM.Collect$$rtexit$$00000003) refers to libshutdown.o(.ARM.Collect$$libshutdown$$00000000) for __rt_lib_shutdown
    rtexit2.o(.ARM.Collect$$rtexit$$00000004) refers to sys_exit.o(.text) for _sys_exit
    rtexit2.o(.ARM.exidx) refers to rtexit2.o(.ARM.Collect$$rtexit$$00000001) for .ARM.Collect$$rtexit$$00000001
    rtexit2.o(.ARM.exidx) refers to rtexit2.o(.ARM.Collect$$rtexit$$00000003) for .ARM.Collect$$rtexit$$00000003
    rtexit2.o(.ARM.exidx) refers to rtexit2.o(.ARM.Collect$$rtexit$$00000004) for .ARM.Collect$$rtexit$$00000004
    __raise.o(.text) refers to __raise.o(i.__ARM_common_call_via_r2) for __ARM_common_call_via_r2
    __raise.o(.text) refers to defsig.o(CL$$defsig) for __default_signal_handler
    defsig_general.o(.text) refers to sys_wrch.o(.text) for _ttywrch
    argv_veneer.o(.emb_text) refers to no_argv.o(.text) for __ARM_get_argv
    sys_wrch.o(.text) refers (Special) to use_no_semi.o(.text) for __I$use$semihosting
    sys_wrch.o(.text) refers (Special) to indicate_semi.o(.text) for __semihosting_library_function
    defsig.o(CL$$defsig) refers to defsig_fpe_inner.o(.text) for __rt_SIGFPE_inner
    defsig.o(CL$$defsig) refers to defsig_rtmem_inner.o(.text) for __rt_SIGRTMEM_inner
    _get_argv_nomalloc.o(.text) refers (Special) to hrguard.o(.text) for __heap_region$guard
    _get_argv_nomalloc.o(.text) refers to defsig_rtmem_outer.o(.text) for __rt_SIGRTMEM
    _get_argv_nomalloc.o(.text) refers to sys_command.o(.text) for _sys_command_string
    libshutdown.o(.ARM.Collect$$libshutdown$$00000000) refers (Special) to libshutdown2.o(.ARM.Collect$$libshutdown$$00000002) for __rt_lib_shutdown_cpp_1
    libshutdown.o(.ARM.Collect$$libshutdown$$00000000) refers (Special) to libshutdown2.o(.ARM.Collect$$libshutdown$$00000007) for __rt_lib_shutdown_fp_trap_1
    libshutdown.o(.ARM.Collect$$libshutdown$$00000000) refers (Special) to libshutdown2.o(.ARM.Collect$$libshutdown$$0000000F) for __rt_lib_shutdown_heap_1
    libshutdown.o(.ARM.Collect$$libshutdown$$00000000) refers (Special) to libshutdown2.o(.ARM.Collect$$libshutdown$$00000010) for __rt_lib_shutdown_return
    libshutdown.o(.ARM.Collect$$libshutdown$$00000000) refers (Special) to libshutdown2.o(.ARM.Collect$$libshutdown$$0000000A) for __rt_lib_shutdown_signal_1
    libshutdown.o(.ARM.Collect$$libshutdown$$00000000) refers (Special) to libshutdown2.o(.ARM.Collect$$libshutdown$$00000004) for __rt_lib_shutdown_stdio_1
    libshutdown.o(.ARM.Collect$$libshutdown$$00000000) refers (Special) to libshutdown2.o(.ARM.Collect$$libshutdown$$0000000C) for __rt_lib_shutdown_user_alloc_1
    sys_command.o(.text) refers (Special) to use_no_semi.o(.text) for __I$use$semihosting
    sys_command.o(.text) refers (Special) to indicate_semi.o(.text) for __semihosting_library_function
    defsig_abrt_inner.o(.text) refers to defsig_general.o(.text) for __default_signal_display
    defsig_rtred_inner.o(.text) refers to defsig_general.o(.text) for __default_signal_display
    defsig_rtmem_inner.o(.text) refers to defsig_general.o(.text) for __default_signal_display
    defsig_rtmem_outer.o(.text) refers to defsig_rtmem_inner.o(.text) for __rt_SIGRTMEM_inner
    defsig_rtmem_outer.o(.text) refers to defsig_exit.o(.text) for __sig_exit
    defsig_rtmem_formal.o(.text) refers to rt_raise.o(.text) for __rt_raise
    defsig_stak_inner.o(.text) refers to defsig_general.o(.text) for __default_signal_display
    defsig_pvfn_inner.o(.text) refers to defsig_general.o(.text) for __default_signal_display
    defsig_cppl_inner.o(.text) refers to defsig_general.o(.text) for __default_signal_display
    defsig_segv_inner.o(.text) refers to defsig_general.o(.text) for __default_signal_display
    defsig_other.o(.text) refers to defsig_general.o(.text) for __default_signal_display


==============================================================================

Removing Unused input sections from the image.

    Removing dev_oper.o(i.Cur_Data_ID_Comm_Devs_Receive_Oper_Func), (644 bytes).
    Removing dev_oper.o(i.Cur_Data_ID_Output_Devs_Write_Oper_Func), (636 bytes).
    Removing io_lib.o(i.Output_Dev_DeInit), (184 bytes).
    Removing lcd.o(i.LCD_Cur_Data_By_NumChars_and_XY_Calc_Para), (1288 bytes).
    Removing lcd.o(i.LCD_Cur_Data_By_XY_Calc_Para), (936 bytes).
    Removing keyboard.o(i.Keyboard_Part_Oper_Proc), (332 bytes).
    Removing sw_lib.o(i.SW_Ch_UnConfig), (68 bytes).
    Removing sw_lib.o(i.SW_Read_By_IO_Ch), (256 bytes).
    Removing sw_lib.o(i.SW_Read_By_IO_Ch_Proc), (196 bytes).
    Removing uart.o(i.UART_Receive_Char), (568 bytes).
    Removing uart.o(i.UART_Transmit_Char), (140 bytes).
    Removing uart.o(i.UART_Transmit_Num), (1400 bytes).
    Removing uart.o(i.UART_Transmit_Str), (260 bytes).
    Removing std_lib.o(i.Delay_MS), (48 bytes).
    Removing std_lib.o(i.Delay_US), (40 bytes).
    Removing std_lib.o(i.Str_Len), (112 bytes).
    Removing std_lib.o(i.Str_to_Num_Conv), (448 bytes).

17 unused section(s) (total 7556 bytes) removed from the image.

==============================================================================

Adding Veneers to the image

    Adding AT veneer (8 bytes, Inline) for call to '__rt_lib_init' from __rtentry2.o(.ARM.Collect$$rtentry$$0000000A).
    Adding AT veneer (8 bytes, Inline) for call to '__rt_lib_shutdown' from rtexit2.o(.ARM.Collect$$rtexit$$00000003).
    Adding TA veneer (4 bytes, Inline) for call to '__rt_exit' from exit.o(.text).
    Adding AT veneer (8 bytes, Inline) for call to '_sys_exit' from rtexit2.o(.ARM.Collect$$rtexit$$00000004).

4 Veneer(s) (total 28 bytes) added to the image.

==============================================================================

Image Symbol Table

    Local Symbols

    Symbol Name                              Value     Ov Type        Size  Object(Section)

    RESET                                    0x00000000   Section      272  startup.o(RESET)
    ../clib/angel/boardlib.s                 0x00000000   Number         0  boardshut.o ABSOLUTE
    ../clib/angel/boardlib.s                 0x00000000   Number         0  boardinit1.o ABSOLUTE
    ../clib/angel/boardlib.s                 0x00000000   Number         0  boardinit2.o ABSOLUTE
    ../clib/angel/boardlib.s                 0x00000000   Number         0  boardinit3.o ABSOLUTE
    ../clib/angel/dczerorl.s                 0x00000000   Number         0  __dczerorl.o ABSOLUTE
    ../clib/angel/handlers.s                 0x00000000   Number         0  __scatter_zi.o ABSOLUTE
    ../clib/angel/kernel.s                   0x00000000   Number         0  __rtentry.o ABSOLUTE
    ../clib/angel/kernel.s                   0x00000000   Number         0  __rtentry4.o ABSOLUTE
    ../clib/angel/kernel.s                   0x00000000   Number         0  __rtentry2.o ABSOLUTE
    ../clib/angel/kernel.s                   0x00000000   Number         0  rtexit2.o ABSOLUTE
    ../clib/angel/kernel.s                   0x00000000   Number         0  rtexit.o ABSOLUTE
    ../clib/angel/rt.s                       0x00000000   Number         0  aeabi_idiv0_sigfpe.o ABSOLUTE
    ../clib/angel/rt.s                       0x00000000   Number         0  aeabi_idiv0.o ABSOLUTE
    ../clib/angel/rt.s                       0x00000000   Number         0  rt_div0.o ABSOLUTE
    ../clib/angel/rt.s                       0x00000000   Number         0  rt_raise.o ABSOLUTE
    ../clib/angel/scatter.s                  0x00000000   Number         0  __scatter.o ABSOLUTE
    ../clib/angel/startup.s                  0x00000000   Number         0  __main.o ABSOLUTE
    ../clib/angel/sys.s                      0x00000000   Number         0  sys_stackheap_outer.o ABSOLUTE
    ../clib/angel/sys.s                      0x00000000   Number         0  libspace.o ABSOLUTE
    ../clib/angel/sys.s                      0x00000000   Number         0  use_no_semi.o ABSOLUTE
    ../clib/angel/sys.s                      0x00000000   Number         0  indicate_semi.o ABSOLUTE
    ../clib/angel/sysapp.c                   0x00000000   Number         0  sys_exit.o ABSOLUTE
    ../clib/angel/sysapp.c                   0x00000000   Number         0  sys_wrch.o ABSOLUTE
    ../clib/angel/sysapp.c                   0x00000000   Number         0  sys_command.o ABSOLUTE
    ../clib/armsys.c                         0x00000000   Number         0  argv_veneer.o ABSOLUTE
    ../clib/armsys.c                         0x00000000   Number         0  no_argv.o ABSOLUTE
    ../clib/armsys.c                         0x00000000   Number         0  argv_veneer.o ABSOLUTE
    ../clib/armsys.c                         0x00000000   Number         0  _get_argv_nomalloc.o ABSOLUTE
    ../clib/division.s                       0x00000000   Number         0  aeabi_sdiv_div0.o ABSOLUTE
    ../clib/division.s                       0x00000000   Number         0  aeabi_sdiv.o ABSOLUTE
    ../clib/divrt.s                          0x00000000   Number         0  divrt_7tdmi.o ABSOLUTE
    ../clib/divrt.s                          0x00000000   Number         0  divrt_7tdmi_div0.o ABSOLUTE
    ../clib/heapalloc.c                      0x00000000   Number         0  hrguard.o ABSOLUTE
    ../clib/heapaux.c                        0x00000000   Number         0  heapauxi.o ABSOLUTE
    ../clib/libinit.s                        0x00000000   Number         0  libinit2.o ABSOLUTE
    ../clib/libinit.s                        0x00000000   Number         0  libinit.o ABSOLUTE
    ../clib/libinit.s                        0x00000000   Number         0  libshutdown2.o ABSOLUTE
    ../clib/libinit.s                        0x00000000   Number         0  libshutdown.o ABSOLUTE
    ../clib/memcpset.s                       0x00000000   Number         0  rt_memcpy.o ABSOLUTE
    ../clib/memcpset.s                       0x00000000   Number         0  rt_memcpy_w.o ABSOLUTE
    ../clib/memcpset.s                       0x00000000   Number         0  rt_memclr_w.o ABSOLUTE
    ../clib/memcpset.s                       0x00000000   Number         0  strcmp.o ABSOLUTE
    ../clib/signal.c                         0x00000000   Number         0  defsig_rtmem_inner.o ABSOLUTE
    ../clib/signal.c                         0x00000000   Number         0  defsig_rtmem_outer.o ABSOLUTE
    ../clib/signal.c                         0x00000000   Number         0  defsig_pvfn_inner.o ABSOLUTE
    ../clib/signal.c                         0x00000000   Number         0  defsig_fpe_inner.o ABSOLUTE
    ../clib/signal.c                         0x00000000   Number         0  defsig_cppl_inner.o ABSOLUTE
    ../clib/signal.c                         0x00000000   Number         0  defsig_exit.o ABSOLUTE
    ../clib/signal.c                         0x00000000   Number         0  defsig_stak_inner.o ABSOLUTE
    ../clib/signal.c                         0x00000000   Number         0  defsig_rtmem_formal.o ABSOLUTE
    ../clib/signal.c                         0x00000000   Number         0  __raise.o ABSOLUTE
    ../clib/signal.c                         0x00000000   Number         0  defsig_general.o ABSOLUTE
    ../clib/signal.c                         0x00000000   Number         0  defsig_abrt_inner.o ABSOLUTE
    ../clib/signal.c                         0x00000000   Number         0  defsig_rtred_inner.o ABSOLUTE
    ../clib/signal.c                         0x00000000   Number         0  defsig_segv_inner.o ABSOLUTE
    ../clib/signal.c                         0x00000000   Number         0  defsig_other.o ABSOLUTE
    ../clib/signal.c                         0x00000000   Number         0  defsig_fpe_outer.o ABSOLUTE
    ../clib/signal.c                         0x00000000   Number         0  defsig_fpe_formal.o ABSOLUTE
    ../clib/signal.s                         0x00000000   Number         0  defsig.o ABSOLUTE
    ../clib/stdlib.c                         0x00000000   Number         0  exit.o ABSOLUTE
    ../fplib/fpinit.s                        0x00000000   Number         0  fpinit.o ABSOLUTE
    Startup.s                                0x00000000   Number         0  startup.o ABSOLUTE
    appl.c                                   0x00000000   Number         0  appl.o ABSOLUTE
    dc.s                                     0x00000000   Number         0  dc.o ABSOLUTE
    dev_oper.c                               0x00000000   Number         0  dev_oper.o ABSOLUTE
    io_lib.c                                 0x00000000   Number         0  io_lib.o ABSOLUTE
    keyboard.c                               0x00000000   Number         0  keyboard.o ABSOLUTE
    lcd.c                                    0x00000000   Number         0  lcd.o ABSOLUTE
    main.c                                   0x00000000   Number         0  main.o ABSOLUTE
    std_lib.c                                0x00000000   Number         0  std_lib.o ABSOLUTE
    sw_lib.c                                 0x00000000   Number         0  sw_lib.o ABSOLUTE
    uart.c                                   0x00000000   Number         0  uart.o ABSOLUTE
    Undef_Handler                            0x00000040   ARM Code       4  startup.o(RESET)
    SWI_Handler                              0x00000044   ARM Code       4  startup.o(RESET)
    PAbt_Handler                             0x00000048   ARM Code       4  startup.o(RESET)
    DAbt_Handler                             0x0000004c   ARM Code       4  startup.o(RESET)
    IRQ_Handler                              0x00000050   ARM Code       4  startup.o(RESET)
    FIQ_Handler                              0x00000054   ARM Code       4  startup.o(RESET)
    !!!main                                  0x00000110   Section        8  __main.o(!!!main)
    !!!scatter                               0x00000118   Section       60  __scatter.o(!!!scatter)
    !!dczerorl                               0x00000154   Section       68  __dczerorl.o(!!dczerorl)
    !!handler_zi                             0x00000198   Section       44  __scatter_zi.o(!!handler_zi)
    .ARM.Collect$$libinit$$00000000          0x000001cc   Section        2  libinit.o(.ARM.Collect$$libinit$$00000000)
    .ARM.Collect$$libinit$$00000002          0x000001ce   Section        0  libinit2.o(.ARM.Collect$$libinit$$00000002)
    .ARM.Collect$$libinit$$00000004          0x000001ce   Section        0  libinit2.o(.ARM.Collect$$libinit$$00000004)
    .ARM.Collect$$libinit$$0000000A          0x000001ce   Section        0  libinit2.o(.ARM.Collect$$libinit$$0000000A)
    .ARM.Collect$$libinit$$0000000C          0x000001ce   Section        0  libinit2.o(.ARM.Collect$$libinit$$0000000C)
    .ARM.Collect$$libinit$$0000000E          0x000001ce   Section        0  libinit2.o(.ARM.Collect$$libinit$$0000000E)
    .ARM.Collect$$libinit$$00000011          0x000001ce   Section        0  libinit2.o(.ARM.Collect$$libinit$$00000011)
    .ARM.Collect$$libinit$$00000013          0x000001ce   Section        0  libinit2.o(.ARM.Collect$$libinit$$00000013)
    .ARM.Collect$$libinit$$00000015          0x000001ce   Section        0  libinit2.o(.ARM.Collect$$libinit$$00000015)
    .ARM.Collect$$libinit$$00000017          0x000001ce   Section        0  libinit2.o(.ARM.Collect$$libinit$$00000017)
    .ARM.Collect$$libinit$$00000019          0x000001ce   Section        0  libinit2.o(.ARM.Collect$$libinit$$00000019)
    .ARM.Collect$$libinit$$0000001B          0x000001ce   Section        0  libinit2.o(.ARM.Collect$$libinit$$0000001B)
    .ARM.Collect$$libinit$$0000001D          0x000001ce   Section        0  libinit2.o(.ARM.Collect$$libinit$$0000001D)
    .ARM.Collect$$libinit$$0000001F          0x000001ce   Section        0  libinit2.o(.ARM.Collect$$libinit$$0000001F)
    .ARM.Collect$$libinit$$00000021          0x000001ce   Section        0  libinit2.o(.ARM.Collect$$libinit$$00000021)
    .ARM.Collect$$libinit$$00000023          0x000001ce   Section        0  libinit2.o(.ARM.Collect$$libinit$$00000023)
    .ARM.Collect$$libinit$$00000025          0x000001ce   Section        0  libinit2.o(.ARM.Collect$$libinit$$00000025)
    .ARM.Collect$$libinit$$0000002C          0x000001ce   Section        0  libinit2.o(.ARM.Collect$$libinit$$0000002C)
    .ARM.Collect$$libinit$$0000002E          0x000001ce   Section        0  libinit2.o(.ARM.Collect$$libinit$$0000002E)
    .ARM.Collect$$libinit$$00000030          0x000001ce   Section        0  libinit2.o(.ARM.Collect$$libinit$$00000030)
    .ARM.Collect$$libinit$$00000032          0x000001ce   Section        0  libinit2.o(.ARM.Collect$$libinit$$00000032)
    .ARM.Collect$$libinit$$00000033          0x000001ce   Section       12  libinit2.o(.ARM.Collect$$libinit$$00000033)
    .ARM.Collect$$libshutdown$$00000000      0x000001e4   Section        4  libshutdown.o(.ARM.Collect$$libshutdown$$00000000)
    .ARM.Collect$$libshutdown$$00000002      0x000001e8   Section        0  libshutdown2.o(.ARM.Collect$$libshutdown$$00000002)
    .ARM.Collect$$libshutdown$$00000004      0x000001e8   Section        0  libshutdown2.o(.ARM.Collect$$libshutdown$$00000004)
    .ARM.Collect$$libshutdown$$00000007      0x000001e8   Section        0  libshutdown2.o(.ARM.Collect$$libshutdown$$00000007)
    .ARM.Collect$$libshutdown$$0000000A      0x000001e8   Section        0  libshutdown2.o(.ARM.Collect$$libshutdown$$0000000A)
    .ARM.Collect$$libshutdown$$0000000C      0x000001e8   Section        0  libshutdown2.o(.ARM.Collect$$libshutdown$$0000000C)
    .ARM.Collect$$libshutdown$$0000000F      0x000001e8   Section        0  libshutdown2.o(.ARM.Collect$$libshutdown$$0000000F)
    .ARM.Collect$$libshutdown$$00000010      0x000001e8   Section        6  libshutdown2.o(.ARM.Collect$$libshutdown$$00000010)
    .ARM.Collect$$rtentry$$00000000          0x000001f0   Section        0  __rtentry.o(.ARM.Collect$$rtentry$$00000000)
    .ARM.Collect$$rtentry$$00000002          0x000001f0   Section        0  __rtentry2.o(.ARM.Collect$$rtentry$$00000002)
    .ARM.Collect$$rtentry$$00000004          0x000001f0   Section        8  __rtentry4.o(.ARM.Collect$$rtentry$$00000004)
    .ARM.Collect$$rtentry$$00000009          0x000001f8   Section        0  __rtentry2.o(.ARM.Collect$$rtentry$$00000009)
    .ARM.Collect$$rtentry$$0000000A          0x000001f8   Section        4  __rtentry2.o(.ARM.Collect$$rtentry$$0000000A)
    .ARM.Collect$$rtentry$$0000000C          0x000001fc   Section        0  __rtentry2.o(.ARM.Collect$$rtentry$$0000000C)
    .ARM.Collect$$rtentry$$0000000D          0x000001fc   Section       40  __rtentry2.o(.ARM.Collect$$rtentry$$0000000D)
    .ARM.Collect$$rtexit$$00000000           0x00000228   Section        4  rtexit.o(.ARM.Collect$$rtexit$$00000000)
    .ARM.Collect$$rtexit$$00000002           0x0000022c   Section        0  rtexit2.o(.ARM.Collect$$rtexit$$00000002)
    .ARM.Collect$$rtexit$$00000003           0x0000022c   Section        4  rtexit2.o(.ARM.Collect$$rtexit$$00000003)
    .ARM.Collect$$rtexit$$00000004           0x00000230   Section        8  rtexit2.o(.ARM.Collect$$rtexit$$00000004)
    .text                                    0x00000238   Section       32  startup.o(.text)
    .text                                    0x00000258   Section      212  rt_memcpy.o(.text)
    .text                                    0x0000032c   Section       84  rt_memclr_w.o(.text)
    .text                                    0x00000380   Section      244  strcmp.o(.text)
    .text                                    0x00000474   Section      384  aeabi_sdiv.o(.text)
    __arm_div8                               0x000004a0   ARM Code       0  aeabi_sdiv.o(.text)
    __arm_div5                               0x000004c4   ARM Code       0  aeabi_sdiv.o(.text)
    __arm_div2                               0x000004e8   ARM Code       0  aeabi_sdiv.o(.text)
    __arm_div_large                          0x00000524   ARM Code       0  aeabi_sdiv.o(.text)
    .text                                    0x000005f4   Section        0  heapauxi.o(.text)
    .text                                    0x000005fc   Section      100  rt_memcpy_w.o(.text)
    .text                                    0x00000660   Section       96  sys_stackheap_outer.o(.text)
    .text                                    0x000006c0   Section        0  exit.o(.text)
    .text                                    0x000006d4   Section       12  libspace.o(.text)
    .text                                    0x000006e8   Section        0  sys_exit.o(.text)
    .text                                    0x000006f4   Section        4  use_no_semi.o(.text)
    .text                                    0x000006f8   Section        0  indicate_semi.o(.text)
    .text_udiv                               0x000006f8   Section       36  aeabi_sdiv.o(.text_udiv)
    i.After_Switch_Stoke_Proc                0x0000071c   Section        0  appl.o(i.After_Switch_Stoke_Proc)
    i.Appl_Data_Retrieve_Para                0x00000f04   Section        0  std_lib.o(i.Appl_Data_Retrieve_Para)
    i.Appl_HW_Init                           0x00001134   Section        0  appl.o(i.Appl_HW_Init)
    i.Appl_Init                              0x000011e0   Section        0  appl.o(i.Appl_Init)
    i.Appl_Proc                              0x0000122c   Section        0  appl.o(i.Appl_Proc)
    i.Appl_Reset                             0x000017e4   Section        0  appl.o(i.Appl_Reset)
    i.Auth_Fsm_Proc                          0x00001be8   Section        0  appl.o(i.Auth_Fsm_Proc)
    i.Check_GPIO_Func                        0x00002980   Section        0  io_lib.o(i.Check_GPIO_Func)
    i.Check_LCD_Busy                         0x00002c04   Section        0  lcd.o(i.Check_LCD_Busy)
    Check_LCD_Busy                           0x00002c04   ARM Code     716  lcd.o(i.Check_LCD_Busy)
    i.Comm_Error_Proc                        0x00002ed0   Section        0  std_lib.o(i.Comm_Error_Proc)
    Comm_Error_Proc                          0x00002ed0   ARM Code     380  std_lib.o(i.Comm_Error_Proc)
    i.Config_Consucc_Bits                    0x0000306c   Section        0  std_lib.o(i.Config_Consucc_Bits)
    i.Config_GPIO_Func_Set                   0x000031b4   Section        0  io_lib.o(i.Config_GPIO_Func_Set)
    Config_GPIO_Func_Set                     0x000031b4   ARM Code    1092  io_lib.o(i.Config_GPIO_Func_Set)
    i.Config_Port_Pin_Range_Validate         0x00003608   Section        0  io_lib.o(i.Config_Port_Pin_Range_Validate)
    i.Config_Port_Pin_Validate               0x00003700   Section        0  io_lib.o(i.Config_Port_Pin_Validate)
    Config_Port_Pin_Validate                 0x00003700   ARM Code     180  io_lib.o(i.Config_Port_Pin_Validate)
    i.Cur_Data_ID_Dev_Src_Basic_Oper_Func    0x000037bc   Section        0  dev_oper.o(i.Cur_Data_ID_Dev_Src_Basic_Oper_Func)
    Cur_Data_ID_Dev_Src_Basic_Oper_Func      0x000037bc   ARM Code    1412  dev_oper.o(i.Cur_Data_ID_Dev_Src_Basic_Oper_Func)
    i.Cur_Data_ID_Devs_Src_Basic_Oper_Func   0x00003d88   Section        0  dev_oper.o(i.Cur_Data_ID_Devs_Src_Basic_Oper_Func)
    i.Cur_Data_ID_Input_Devs_Read_Oper_Func  0x0000422c   Section        0  dev_oper.o(i.Cur_Data_ID_Input_Devs_Read_Oper_Func)
    i.Data_Dev_Src_Access_Oper_Func          0x00004600   Section        0  dev_oper.o(i.Data_Dev_Src_Access_Oper_Func)
    i.Data_ID_Input_Try_Complete_Proc        0x000049ac   Section        0  dev_oper.o(i.Data_ID_Input_Try_Complete_Proc)
    Data_ID_Input_Try_Complete_Proc          0x000049ac   ARM Code     232  dev_oper.o(i.Data_ID_Input_Try_Complete_Proc)
    i.Data_ID_Set_Para                       0x00004aac   Section        0  std_lib.o(i.Data_ID_Set_Para)
    i.Data_ID_Src_Spec_Dev_Find_Dev_Ch_ID    0x00004bb0   Section        0  dev_oper.o(i.Data_ID_Src_Spec_Dev_Find_Dev_Ch_ID)
    i.Data_IDs_Set_Para                      0x00004d84   Section        0  std_lib.o(i.Data_IDs_Set_Para)
    i.Debug_IO_Func_Set_Validate             0x00004e0c   Section        0  io_lib.o(i.Debug_IO_Func_Set_Validate)
    Debug_IO_Func_Set_Validate               0x00004e0c   ARM Code      48  io_lib.o(i.Debug_IO_Func_Set_Validate)
    i.Dev_ID_Validate                        0x00004e40   Section        0  dev_oper.o(i.Dev_ID_Validate)
    i.Dev_Oper_Read_Status_Proc              0x000050bc   Section        0  dev_oper.o(i.Dev_Oper_Read_Status_Proc)
    Dev_Oper_Read_Status_Proc                0x000050bc   ARM Code    1332  dev_oper.o(i.Dev_Oper_Read_Status_Proc)
    i.Disable_All_Keyboards                  0x0000562c   Section        0  keyboard.o(i.Disable_All_Keyboards)
    i.Disable_All_LCDs                       0x00005660   Section        0  lcd.o(i.Disable_All_LCDs)
    i.Disable_All_SWs                        0x00005694   Section        0  sw_lib.o(i.Disable_All_SWs)
    i.Disp_Status_Fsm                        0x000056c8   Section        0  appl.o(i.Disp_Status_Fsm)
    i.Entered_Key_No_Long_Press_Proc         0x00005d94   Section        0  keyboard.o(i.Entered_Key_No_Long_Press_Proc)
    i.Error_or_Warning_Proc                  0x00005da0   Section        0  std_lib.o(i.Error_or_Warning_Proc)
    i.GPIO_Func_Set                          0x00005e34   Section        0  io_lib.o(i.GPIO_Func_Set)
    GPIO_Func_Set                            0x00005e34   ARM Code     604  io_lib.o(i.GPIO_Func_Set)
    i.HW_Init                                0x00006098   Section        0  main.o(i.HW_Init)
    HW_Init                                  0x00006098   ARM Code      88  main.o(i.HW_Init)
    i.IO_Ch_Func_Reset                       0x00006100   Section        0  io_lib.o(i.IO_Ch_Func_Reset)
    i.IO_Ch_To_SW_Ch                         0x0000630c   Section        0  sw_lib.o(i.IO_Ch_To_SW_Ch)
    i.IO_Ch_Validate                         0x000063f4   Section        0  io_lib.o(i.IO_Ch_Validate)
    i.IO_Channel_Read                        0x00006530   Section        0  io_lib.o(i.IO_Channel_Read)
    i.IO_Channel_Write                       0x0000661c   Section        0  io_lib.o(i.IO_Channel_Write)
    i.IO_Channels_Func_Set                   0x00006758   Section        0  io_lib.o(i.IO_Channels_Func_Set)
    i.KeyBoard_Col_Scan                      0x00006b80   Section        0  keyboard.o(i.KeyBoard_Col_Scan)
    KeyBoard_Col_Scan                        0x00006b80   ARM Code     236  keyboard.o(i.KeyBoard_Col_Scan)
    i.Keyboard_Allow_Access                  0x00006c8c   Section        0  keyboard.o(i.Keyboard_Allow_Access)
    i.Keyboard_BS_SW_Oper                    0x00006d78   Section        0  keyboard.o(i.Keyboard_BS_SW_Oper)
    i.Keyboard_BS_SW_Read_Proc               0x00006f00   Section        0  keyboard.o(i.Keyboard_BS_SW_Read_Proc)
    i.Keyboard_DeInit                        0x00007050   Section        0  keyboard.o(i.Keyboard_DeInit)
    i.Keyboard_Disable                       0x000072e8   Section        0  keyboard.o(i.Keyboard_Disable)
    i.Keyboard_Enable                        0x000073e0   Section        0  keyboard.o(i.Keyboard_Enable)
    i.Keyboard_Enter_SW_Oper                 0x00007458   Section        0  keyboard.o(i.Keyboard_Enter_SW_Oper)
    i.Keyboard_Enter_SW_Read_Proc            0x000075c4   Section        0  keyboard.o(i.Keyboard_Enter_SW_Read_Proc)
    i.Keyboard_Init                          0x000076f8   Section        0  keyboard.o(i.Keyboard_Init)
    i.Keyboard_Keypad_Oper                   0x00007bf4   Section        0  keyboard.o(i.Keyboard_Keypad_Oper)
    i.Keyboard_No_Access                     0x00007d50   Section        0  keyboard.o(i.Keyboard_No_Access)
    i.Keyboard_Read                          0x00007e44   Section        0  keyboard.o(i.Keyboard_Read)
    i.LCD_Allow_Access                       0x00008358   Section        0  lcd.o(i.LCD_Allow_Access)
    i.LCD_Clear_Screen                       0x000083a8   Section        0  lcd.o(i.LCD_Clear_Screen)
    i.LCD_Cur_Data_By_NumChars_Calc_Para     0x000083d4   Section        0  lcd.o(i.LCD_Cur_Data_By_NumChars_Calc_Para)
    i.LCD_DeInit                             0x000086d0   Section        0  lcd.o(i.LCD_DeInit)
    i.LCD_Disable                            0x0000884c   Section        0  lcd.o(i.LCD_Disable)
    i.LCD_Disp_Goto_XY                       0x000088c4   Section        0  lcd.o(i.LCD_Disp_Goto_XY)
    i.LCD_Disp_Num                           0x00008a60   Section        0  lcd.o(i.LCD_Disp_Num)
    i.LCD_Disp_Str                           0x00008d9c   Section        0  lcd.o(i.LCD_Disp_Str)
    i.LCD_Enable                             0x00008e64   Section        0  lcd.o(i.LCD_Enable)
    i.LCD_From_Loc_to_XY                     0x00008edc   Section        0  lcd.o(i.LCD_From_Loc_to_XY)
    i.LCD_From_XY_To_Loc                     0x00009140   Section        0  lcd.o(i.LCD_From_XY_To_Loc)
    i.LCD_Init                               0x0000931c   Section        0  lcd.o(i.LCD_Init)
    i.LCD_Input_Goto_XY                      0x00009660   Section        0  lcd.o(i.LCD_Input_Goto_XY)
    i.LCD_Loc_Ctrl_Proc                      0x000097fc   Section        0  lcd.o(i.LCD_Loc_Ctrl_Proc)
    i.LCD_No_Access                          0x00009bf4   Section        0  lcd.o(i.LCD_No_Access)
    i.LCD_Write                              0x00009c54   Section        0  lcd.o(i.LCD_Write)
    i.LCD_Write_Char                         0x0000a12c   Section        0  lcd.o(i.LCD_Write_Char)
    i.LCD_Write_Command                      0x0000a55c   Section        0  lcd.o(i.LCD_Write_Command)
    i.Next_Data_Conf_Parameter               0x0000a9ac   Section        0  std_lib.o(i.Next_Data_Conf_Parameter)
    i.Non_GPIO_Func_Set                      0x0000aa78   Section        0  io_lib.o(i.Non_GPIO_Func_Set)
    i.Output_Dev_Init                        0x0000ab70   Section        0  io_lib.o(i.Output_Dev_Init)
    i.PLL_Init                               0x0000ac28   Section        0  main.o(i.PLL_Init)
    PLL_Init                                 0x0000ac28   ARM Code     100  main.o(i.PLL_Init)
    i.Port_Read                              0x0000ac90   Section        0  io_lib.o(i.Port_Read)
    i.Port_Write                             0x0000adb0   Section        0  io_lib.o(i.Port_Write)
    i.Power_Of                               0x0000af10   Section        0  std_lib.o(i.Power_Of)
    i.Read_LCD_Command                       0x0000af4c   Section        0  lcd.o(i.Read_LCD_Command)
    Read_LCD_Command                         0x0000af4c   ARM Code     956  lcd.o(i.Read_LCD_Command)
    i.Reset_Data_Devs_Src_Allow              0x0000b308   Section        0  dev_oper.o(i.Reset_Data_Devs_Src_Allow)
    i.Reset_Data_ID_Status                   0x0000b38c   Section        0  std_lib.o(i.Reset_Data_ID_Status)
    i.Reset_Data_IDs_Status                  0x0000b4dc   Section        0  std_lib.o(i.Reset_Data_IDs_Status)
    i.Reset_IO_Chs                           0x0000b500   Section        0  io_lib.o(i.Reset_IO_Chs)
    i.Reset_LCD_Cur_Data_Status_Para         0x0000b514   Section        0  lcd.o(i.Reset_LCD_Cur_Data_Status_Para)
    i.Reset_Ports                            0x0000b5c4   Section        0  io_lib.o(i.Reset_Ports)
    i.Reset_Process                          0x0000b63c   Section        0  main.o(i.Reset_Process)
    i.Reset_SW_Ch                            0x0000b70c   Section        0  sw_lib.o(i.Reset_SW_Ch)
    i.Reset_SW_Chs                           0x0000b7d4   Section        0  sw_lib.o(i.Reset_SW_Chs)
    i.SW_Allow_Access                        0x0000b81c   Section        0  sw_lib.o(i.SW_Allow_Access)
    i.SW_Ch_ID_Check_And_Alloc               0x0000b874   Section        0  sw_lib.o(i.SW_Ch_ID_Check_And_Alloc)
    i.SW_Ch_UnConfig_By_IO_Ch                0x0000bb8c   Section        0  sw_lib.o(i.SW_Ch_UnConfig_By_IO_Ch)
    i.SW_Ch_Validate                         0x0000bc20   Section        0  sw_lib.o(i.SW_Ch_Validate)
    SW_Ch_Validate                           0x0000bc20   ARM Code     168  sw_lib.o(i.SW_Ch_Validate)
    i.SW_DeInit                              0x0000bce8   Section        0  sw_lib.o(i.SW_DeInit)
    i.SW_Disable                             0x0000be00   Section        0  sw_lib.o(i.SW_Disable)
    i.SW_Enable                              0x0000be58   Section        0  sw_lib.o(i.SW_Enable)
    i.SW_Init                                0x0000beb0   Section        0  sw_lib.o(i.SW_Init)
    i.SW_No_Access                           0x0000c0a0   Section        0  sw_lib.o(i.SW_No_Access)
    i.SW_Oper                                0x0000c108   Section        0  sw_lib.o(i.SW_Oper)
    i.SW_Para_Init                           0x0000c36c   Section        0  sw_lib.o(i.SW_Para_Init)
    i.SW_Press_Proc                          0x0000c4c8   Section        0  sw_lib.o(i.SW_Press_Proc)
    i.SW_Read                                0x0000c744   Section        0  sw_lib.o(i.SW_Read)
    i.SW_Time_Delay                          0x0000c824   Section        0  std_lib.o(i.SW_Time_Delay)
    i.Set_Auth_Status_Disp_Fsm               0x0000c850   Section        0  appl.o(i.Set_Auth_Status_Disp_Fsm)
    i.Set_Cur_Loc_LCD                        0x0000c89c   Section        0  lcd.o(i.Set_Cur_Loc_LCD)
    i.Set_Data_Devs_Src_Allow                0x0000c8e0   Section        0  dev_oper.o(i.Set_Data_Devs_Src_Allow)
    i.Set_Status_Reset_Data_IDs              0x0000cb54   Section        0  std_lib.o(i.Set_Status_Reset_Data_IDs)
    i.System_Init                            0x0000cbd0   Section        0  main.o(i.System_Init)
    System_Init                              0x0000cbd0   ARM Code     192  main.o(i.System_Init)
    i.Test_Consucc_Bits                      0x0000ccb8   Section        0  std_lib.o(i.Test_Consucc_Bits)
    i.Trace_IO_Func_Set_Validate             0x0000ce70   Section        0  io_lib.o(i.Trace_IO_Func_Set_Validate)
    Trace_IO_Func_Set_Validate               0x0000ce70   ARM Code      48  io_lib.o(i.Trace_IO_Func_Set_Validate)
    i.UART_Init                              0x0000cea4   Section        0  uart.o(i.UART_Init)
    i.Write_Bit_in_Data                      0x0000d024   Section        0  std_lib.o(i.Write_Bit_in_Data)
    i.Write_LCD_Command_NO_BF                0x0000d108   Section        0  lcd.o(i.Write_LCD_Command_NO_BF)
    i.main                                   0x0000d344   Section        0  main.o(i.main)
    .constdata                               0x0000d394   Section        1  dev_oper.o(.constdata)
    .constdata                               0x0000d398   Section       44  io_lib.o(.constdata)
    io_port_func_ptr                         0x0000d398   Data          12  io_lib.o(.constdata)
    io_port_dir_ptr                          0x0000d3a4   Data           8  io_lib.o(.constdata)
    io_port_set_ptr                          0x0000d3ac   Data           8  io_lib.o(.constdata)
    io_port_clr_ptr                          0x0000d3b4   Data           8  io_lib.o(.constdata)
    io_port_ptr                              0x0000d3bc   Data           8  io_lib.o(.constdata)
    .constdata                               0x0000d3c4   Section       42  main.o(.constdata)
    .constdata                               0x0000d3f0   Section       56  uart.o(.constdata)
    uart_lcr_ptr                             0x0000d3f0   Data           8  uart.o(.constdata)
    uart_dll_ptr                             0x0000d3f8   Data           8  uart.o(.constdata)
    uart_dlm_ptr                             0x0000d400   Data           8  uart.o(.constdata)
    uart_fcr_ptr                             0x0000d408   Data           8  uart.o(.constdata)
    uart_lsr_ptr                             0x0000d410   Data           8  uart.o(.constdata)
    uart_rbr_ptr                             0x0000d418   Data           8  uart.o(.constdata)
    uart_thr_ptr                             0x0000d420   Data           8  uart.o(.constdata)
    .constdata                               0x0000d428   Section       13  appl.o(.constdata)
    .data                                    0x40000000   Section      560  dev_oper.o(.data)
    .data                                    0x40000230   Section       16  io_lib.o(.data)
    config_port_pin                          0x40000230   Data           8  io_lib.o(.data)
    .data                                    0x40000240   Section        9  keyboard.o(.data)
    cur_pressed_key_or_sw                    0x40000244   Data           4  keyboard.o(.data)
    prev_str_len                             0x40000248   Data           1  keyboard.o(.data)
    .data                                    0x4000024c   Section       45  main.o(.data)
    .data                                    0x4000027a   Section        4  sw_lib.o(.data)
    alloc_sw_ch_ids_bit_field                0x4000027c   Data           2  sw_lib.o(.data)
    .data                                    0x4000027e   Section        4  appl.o(.data)
    .data                                    0x40000282   Section        2  std_lib.o(.data)
    prev_data_id                             0x40000283   Data           1  std_lib.o(.data)
    .bss                                     0x40000284   Section       12  lcd.o(.bss)
    .bss                                     0x40000290   Section       72  main.o(.bss)
    .bss                                     0x400002d8   Section       96  libspace.o(.bss)
    HEAP                                     0x40000338   Section        0  startup.o(HEAP)
    STACK                                    0x40000338   Section     1160  startup.o(STACK)
    Heap_Mem                                 0x40000338   Data           0  startup.o(HEAP)
    Stack_Mem                                0x40000338   Data        1024  startup.o(STACK)
    Stack_Top                                0x400007c0   Data           0  startup.o(STACK)

    Global Symbols

    Symbol Name                              Value     Ov Type        Size  Object(Section)

    BuildAttributes$$THM_ISAv1$ARM_ISAv4$S$PE$A:L22$X:L11$S22$IEEE1$IW$USESV6$~STKCKD$USESV7$~SHL$OSPACE$ROPI$EBA8$UX$STANDARDLIB$REQ8$PRES8$EABIv2 0x00000000   Number         0  anon$$obj.o ABSOLUTE
    __ARM_use_no_argv                        0x00000000   Number         0  main.o ABSOLUTE
    __ARM_exceptions_init                     - Undefined Weak Reference
    __alloca_initialize                       - Undefined Weak Reference
    __arm_preinit_                            - Undefined Weak Reference
    __cpp_initialize__aeabi_                  - Undefined Weak Reference
    __cxa_finalize                            - Undefined Weak Reference
    __rt_locale                               - Undefined Weak Reference
    __sigvec_lookup                           - Undefined Weak Reference
    _atexit_init                              - Undefined Weak Reference
    _call_atexit_fns                          - Undefined Weak Reference
    _clock_init                               - Undefined Weak Reference
    _fp_trap_init                             - Undefined Weak Reference
    _fp_trap_shutdown                         - Undefined Weak Reference
    _get_lc_collate                           - Undefined Weak Reference
    _get_lc_ctype                             - Undefined Weak Reference
    _get_lc_monetary                          - Undefined Weak Reference
    _get_lc_numeric                           - Undefined Weak Reference
    _get_lc_time                              - Undefined Weak Reference
    _getenv_init                              - Undefined Weak Reference
    _handle_redirection                       - Undefined Weak Reference
    _init_alloc                               - Undefined Weak Reference
    _init_user_alloc                          - Undefined Weak Reference
    _initio                                   - Undefined Weak Reference
    _rand_init                                - Undefined Weak Reference
    _signal_finish                            - Undefined Weak Reference
    _signal_init                              - Undefined Weak Reference
    _terminate_alloc                          - Undefined Weak Reference
    _terminate_user_alloc                     - Undefined Weak Reference
    _terminateio                              - Undefined Weak Reference
    Reset_Handler                            0x00000058   ARM Code       0  startup.o(RESET)
    __main                                   0x00000110   ARM Code       8  __main.o(!!!main)
    __scatterload                            0x00000118   ARM Code       0  __scatter.o(!!!scatter)
    __scatterload_rt2                        0x00000118   ARM Code      52  __scatter.o(!!!scatter)
    __scatterload_null                       0x0000012c   ARM Code       0  __scatter.o(!!!scatter)
    __decompress                             0x00000154   ARM Code      68  __dczerorl.o(!!dczerorl)
    __decompress0                            0x00000154   ARM Code       0  __dczerorl.o(!!dczerorl)
    __scatterload_zeroinit                   0x00000198   ARM Code      44  __scatter_zi.o(!!handler_zi)
    Inline ARM to Thumb Veneer to __rt_lib_init 0x000001c4   ARM Code       8  libinit.o(.ARM.Collect$$libinit$$00000000)
    __rt_lib_init                            0x000001cd   Thumb Code     0  libinit.o(.ARM.Collect$$libinit$$00000000)
    __rt_lib_init_alloca_1                   0x000001cf   Thumb Code     0  libinit2.o(.ARM.Collect$$libinit$$0000002E)
    __rt_lib_init_argv_1                     0x000001cf   Thumb Code     0  libinit2.o(.ARM.Collect$$libinit$$0000002C)
    __rt_lib_init_atexit_1                   0x000001cf   Thumb Code     0  libinit2.o(.ARM.Collect$$libinit$$0000001B)
    __rt_lib_init_clock_1                    0x000001cf   Thumb Code     0  libinit2.o(.ARM.Collect$$libinit$$00000021)
    __rt_lib_init_cpp_1                      0x000001cf   Thumb Code     0  libinit2.o(.ARM.Collect$$libinit$$00000032)
    __rt_lib_init_exceptions_1               0x000001cf   Thumb Code     0  libinit2.o(.ARM.Collect$$libinit$$00000030)
    __rt_lib_init_fp_1                       0x000001cf   Thumb Code     0  libinit2.o(.ARM.Collect$$libinit$$00000002)
    __rt_lib_init_fp_trap_1                  0x000001cf   Thumb Code     0  libinit2.o(.ARM.Collect$$libinit$$0000001F)
    __rt_lib_init_getenv_1                   0x000001cf   Thumb Code     0  libinit2.o(.ARM.Collect$$libinit$$00000023)
    __rt_lib_init_heap_1                     0x000001cf   Thumb Code     0  libinit2.o(.ARM.Collect$$libinit$$0000000A)
    __rt_lib_init_lc_collate_1               0x000001cf   Thumb Code     0  libinit2.o(.ARM.Collect$$libinit$$00000011)
    __rt_lib_init_lc_ctype_1                 0x000001cf   Thumb Code     0  libinit2.o(.ARM.Collect$$libinit$$00000013)
    __rt_lib_init_lc_monetary_1              0x000001cf   Thumb Code     0  libinit2.o(.ARM.Collect$$libinit$$00000015)
    __rt_lib_init_lc_numeric_1               0x000001cf   Thumb Code     0  libinit2.o(.ARM.Collect$$libinit$$00000017)
    __rt_lib_init_lc_time_1                  0x000001cf   Thumb Code     0  libinit2.o(.ARM.Collect$$libinit$$00000019)
    __rt_lib_init_preinit_1                  0x000001cf   Thumb Code     0  libinit2.o(.ARM.Collect$$libinit$$00000004)
    __rt_lib_init_rand_1                     0x000001cf   Thumb Code     0  libinit2.o(.ARM.Collect$$libinit$$0000000E)
    __rt_lib_init_return                     0x000001cf   Thumb Code     0  libinit2.o(.ARM.Collect$$libinit$$00000033)
    __rt_lib_init_signal_1                   0x000001cf   Thumb Code     0  libinit2.o(.ARM.Collect$$libinit$$0000001D)
    __rt_lib_init_stdio_1                    0x000001cf   Thumb Code     0  libinit2.o(.ARM.Collect$$libinit$$00000025)
    __rt_lib_init_user_alloc_1               0x000001cf   Thumb Code     0  libinit2.o(.ARM.Collect$$libinit$$0000000C)
    Inline ARM to Thumb Veneer to __rt_lib_shutdown 0x000001dc   ARM Code       8  libshutdown.o(.ARM.Collect$$libshutdown$$00000000)
    __rt_lib_shutdown                        0x000001e5   Thumb Code     0  libshutdown.o(.ARM.Collect$$libshutdown$$00000000)
    __rt_lib_shutdown_cpp_1                  0x000001e9   Thumb Code     0  libshutdown2.o(.ARM.Collect$$libshutdown$$00000002)
    __rt_lib_shutdown_fp_trap_1              0x000001e9   Thumb Code     0  libshutdown2.o(.ARM.Collect$$libshutdown$$00000007)
    __rt_lib_shutdown_heap_1                 0x000001e9   Thumb Code     0  libshutdown2.o(.ARM.Collect$$libshutdown$$0000000F)
    __rt_lib_shutdown_return                 0x000001e9   Thumb Code     0  libshutdown2.o(.ARM.Collect$$libshutdown$$00000010)
    __rt_lib_shutdown_signal_1               0x000001e9   Thumb Code     0  libshutdown2.o(.ARM.Collect$$libshutdown$$0000000A)
    __rt_lib_shutdown_stdio_1                0x000001e9   Thumb Code     0  libshutdown2.o(.ARM.Collect$$libshutdown$$00000004)
    __rt_lib_shutdown_user_alloc_1           0x000001e9   Thumb Code     0  libshutdown2.o(.ARM.Collect$$libshutdown$$0000000C)
    __rt_entry                               0x000001f0   ARM Code       0  __rtentry.o(.ARM.Collect$$rtentry$$00000000)
    __rt_entry_presh_1                       0x000001f0   ARM Code       0  __rtentry2.o(.ARM.Collect$$rtentry$$00000002)
    __rt_entry_sh                            0x000001f0   ARM Code       0  __rtentry4.o(.ARM.Collect$$rtentry$$00000004)
    __rt_entry_li                            0x000001f8   ARM Code       0  __rtentry2.o(.ARM.Collect$$rtentry$$0000000A)
    __rt_entry_postsh_1                      0x000001f8   ARM Code       0  __rtentry2.o(.ARM.Collect$$rtentry$$00000009)
    __rt_entry_main                          0x000001fc   ARM Code       0  __rtentry2.o(.ARM.Collect$$rtentry$$0000000D)
    __rt_entry_postli_1                      0x000001fc   ARM Code       0  __rtentry2.o(.ARM.Collect$$rtentry$$0000000C)
    Inline Thumb to ARM Veneer to __rt_exit  0x00000225   Thumb Code     4  rtexit.o(.ARM.Collect$$rtexit$$00000000)
    __rt_exit                                0x00000228   ARM Code       0  rtexit.o(.ARM.Collect$$rtexit$$00000000)
    __rt_exit_ls                             0x0000022c   ARM Code       0  rtexit2.o(.ARM.Collect$$rtexit$$00000003)
    __rt_exit_prels_1                        0x0000022c   ARM Code       0  rtexit2.o(.ARM.Collect$$rtexit$$00000002)
    __rt_exit_exit                           0x00000230   ARM Code       0  rtexit2.o(.ARM.Collect$$rtexit$$00000004)
    __user_initial_stackheap                 0x00000238   ARM Code       0  startup.o(.text)
    __aeabi_memcpy                           0x00000258   ARM Code       0  rt_memcpy.o(.text)
    __rt_memcpy                              0x00000258   ARM Code     212  rt_memcpy.o(.text)
    _memcpy_lastbytes                        0x0000030c   ARM Code       0  rt_memcpy.o(.text)
    __aeabi_memclr4                          0x0000032c   ARM Code       0  rt_memclr_w.o(.text)
    __aeabi_memclr8                          0x0000032c   ARM Code       0  rt_memclr_w.o(.text)
    __rt_memclr_w                            0x0000032c   ARM Code      84  rt_memclr_w.o(.text)
    _memset_w                                0x00000330   ARM Code       0  rt_memclr_w.o(.text)
    strcmp                                   0x00000380   ARM Code     240  strcmp.o(.text)
    __aeabi_idiv                             0x00000474   ARM Code       0  aeabi_sdiv.o(.text)
    __aeabi_idivmod                          0x00000474   ARM Code     384  aeabi_sdiv.o(.text)
    __use_two_region_memory                  0x000005f5   Thumb Code     2  heapauxi.o(.text)
    __rt_heap_escrow$2region                 0x000005f7   Thumb Code     2  heapauxi.o(.text)
    __rt_heap_expand$2region                 0x000005f9   Thumb Code     2  heapauxi.o(.text)
    __aeabi_memcpy4                          0x000005fc   ARM Code       0  rt_memcpy_w.o(.text)
    __aeabi_memcpy8                          0x000005fc   ARM Code       0  rt_memcpy_w.o(.text)
    __rt_memcpy_w                            0x000005fc   ARM Code     100  rt_memcpy_w.o(.text)
    _memcpy_lastbytes_aligned                0x00000648   ARM Code       0  rt_memcpy_w.o(.text)
    __user_setup_stackheap                   0x00000660   ARM Code      96  sys_stackheap_outer.o(.text)
    exit                                     0x000006c1   Thumb Code    20  exit.o(.text)
    __user_libspace                          0x000006d4   ARM Code      12  libspace.o(.text)
    __user_perproc_libspace                  0x000006d4   ARM Code       0  libspace.o(.text)
    __user_perthread_libspace                0x000006d4   ARM Code       0  libspace.o(.text)
    Inline ARM to Thumb Veneer to _sys_exit  0x000006e0   ARM Code       8  sys_exit.o(.text)
    _sys_exit                                0x000006e9   Thumb Code     8  sys_exit.o(.text)
    __I$use$semihosting                      0x000006f4   ARM Code       0  use_no_semi.o(.text)
    __use_no_semihosting_swi                 0x000006f4   ARM Code       4  use_no_semi.o(.text)
    __aeabi_uidiv                            0x000006f8   ARM Code       0  aeabi_sdiv.o(.text_udiv)
    __aeabi_uidivmod                         0x000006f8   ARM Code      36  aeabi_sdiv.o(.text_udiv)
    __semihosting_library_function           0x000006f8   ARM Code       0  indicate_semi.o(.text)
    After_Switch_Stoke_Proc                  0x0000071c   ARM Code    2000  appl.o(i.After_Switch_Stoke_Proc)
    Appl_Data_Retrieve_Para                  0x00000f04   ARM Code     512  std_lib.o(i.Appl_Data_Retrieve_Para)
    Appl_HW_Init                             0x00001134   ARM Code     172  appl.o(i.Appl_HW_Init)
    Appl_Init                                0x000011e0   ARM Code      76  appl.o(i.Appl_Init)
    Appl_Proc                                0x0000122c   ARM Code    1464  appl.o(i.Appl_Proc)
    Appl_Reset                               0x000017e4   ARM Code    1004  appl.o(i.Appl_Reset)
    Auth_Fsm_Proc                            0x00001be8   ARM Code    3480  appl.o(i.Auth_Fsm_Proc)
    Check_GPIO_Func                          0x00002980   ARM Code     636  io_lib.o(i.Check_GPIO_Func)
    Config_Consucc_Bits                      0x0000306c   ARM Code     300  std_lib.o(i.Config_Consucc_Bits)
    Config_Port_Pin_Range_Validate           0x00003608   ARM Code     240  io_lib.o(i.Config_Port_Pin_Range_Validate)
    Cur_Data_ID_Devs_Src_Basic_Oper_Func     0x00003d88   ARM Code    1164  dev_oper.o(i.Cur_Data_ID_Devs_Src_Basic_Oper_Func)
    Cur_Data_ID_Input_Devs_Read_Oper_Func    0x0000422c   ARM Code     968  dev_oper.o(i.Cur_Data_ID_Input_Devs_Read_Oper_Func)
    Data_Dev_Src_Access_Oper_Func            0x00004600   ARM Code     940  dev_oper.o(i.Data_Dev_Src_Access_Oper_Func)
    Data_ID_Set_Para                         0x00004aac   ARM Code     224  std_lib.o(i.Data_ID_Set_Para)
    Data_ID_Src_Spec_Dev_Find_Dev_Ch_ID      0x00004bb0   ARM Code     436  dev_oper.o(i.Data_ID_Src_Spec_Dev_Find_Dev_Ch_ID)
    Data_IDs_Set_Para                        0x00004d84   ARM Code     116  std_lib.o(i.Data_IDs_Set_Para)
    Dev_ID_Validate                          0x00004e40   ARM Code     636  dev_oper.o(i.Dev_ID_Validate)
    Disable_All_Keyboards                    0x0000562c   ARM Code      52  keyboard.o(i.Disable_All_Keyboards)
    Disable_All_LCDs                         0x00005660   ARM Code      52  lcd.o(i.Disable_All_LCDs)
    Disable_All_SWs                          0x00005694   ARM Code      52  sw_lib.o(i.Disable_All_SWs)
    Disp_Status_Fsm                          0x000056c8   ARM Code    1740  appl.o(i.Disp_Status_Fsm)
    Entered_Key_No_Long_Press_Proc           0x00005d94   ARM Code      12  keyboard.o(i.Entered_Key_No_Long_Press_Proc)
    Error_or_Warning_Proc                    0x00005da0   ARM Code     140  std_lib.o(i.Error_or_Warning_Proc)
    IO_Ch_Func_Reset                         0x00006100   ARM Code     512  io_lib.o(i.IO_Ch_Func_Reset)
    IO_Ch_To_SW_Ch                           0x0000630c   ARM Code     196  sw_lib.o(i.IO_Ch_To_SW_Ch)
    IO_Ch_Validate                           0x000063f4   ARM Code     312  io_lib.o(i.IO_Ch_Validate)
    IO_Channel_Read                          0x00006530   ARM Code     224  io_lib.o(i.IO_Channel_Read)
    IO_Channel_Write                         0x0000661c   ARM Code     300  io_lib.o(i.IO_Channel_Write)
    IO_Channels_Func_Set                     0x00006758   ARM Code    1040  io_lib.o(i.IO_Channels_Func_Set)
    Keyboard_Allow_Access                    0x00006c8c   ARM Code     216  keyboard.o(i.Keyboard_Allow_Access)
    Keyboard_BS_SW_Oper                      0x00006d78   ARM Code     332  keyboard.o(i.Keyboard_BS_SW_Oper)
    Keyboard_BS_SW_Read_Proc                 0x00006f00   ARM Code     292  keyboard.o(i.Keyboard_BS_SW_Read_Proc)
    Keyboard_DeInit                          0x00007050   ARM Code     664  keyboard.o(i.Keyboard_DeInit)
    Keyboard_Disable                         0x000072e8   ARM Code     228  keyboard.o(i.Keyboard_Disable)
    Keyboard_Enable                          0x000073e0   ARM Code     100  keyboard.o(i.Keyboard_Enable)
    Keyboard_Enter_SW_Oper                   0x00007458   ARM Code     304  keyboard.o(i.Keyboard_Enter_SW_Oper)
    Keyboard_Enter_SW_Read_Proc              0x000075c4   ARM Code     264  keyboard.o(i.Keyboard_Enter_SW_Read_Proc)
    Keyboard_Init                            0x000076f8   ARM Code    1240  keyboard.o(i.Keyboard_Init)
    Keyboard_Keypad_Oper                     0x00007bf4   ARM Code     300  keyboard.o(i.Keyboard_Keypad_Oper)
    Keyboard_No_Access                       0x00007d50   ARM Code     224  keyboard.o(i.Keyboard_No_Access)
    Keyboard_Read                            0x00007e44   ARM Code    1284  keyboard.o(i.Keyboard_Read)
    LCD_Allow_Access                         0x00008358   ARM Code      72  lcd.o(i.LCD_Allow_Access)
    LCD_Clear_Screen                         0x000083a8   ARM Code      44  lcd.o(i.LCD_Clear_Screen)
    LCD_Cur_Data_By_NumChars_Calc_Para       0x000083d4   ARM Code     764  lcd.o(i.LCD_Cur_Data_By_NumChars_Calc_Para)
    LCD_DeInit                               0x000086d0   ARM Code     336  lcd.o(i.LCD_DeInit)
    LCD_Disable                              0x0000884c   ARM Code     100  lcd.o(i.LCD_Disable)
    LCD_Disp_Goto_XY                         0x000088c4   ARM Code     376  lcd.o(i.LCD_Disp_Goto_XY)
    LCD_Disp_Num                             0x00008a60   ARM Code     828  lcd.o(i.LCD_Disp_Num)
    LCD_Disp_Str                             0x00008d9c   ARM Code     172  lcd.o(i.LCD_Disp_Str)
    LCD_Enable                               0x00008e64   ARM Code     100  lcd.o(i.LCD_Enable)
    LCD_From_Loc_to_XY                       0x00008edc   ARM Code     612  lcd.o(i.LCD_From_Loc_to_XY)
    LCD_From_XY_To_Loc                       0x00009140   ARM Code     432  lcd.o(i.LCD_From_XY_To_Loc)
    LCD_Init                                 0x0000931c   ARM Code     836  lcd.o(i.LCD_Init)
    LCD_Input_Goto_XY                        0x00009660   ARM Code     376  lcd.o(i.LCD_Input_Goto_XY)
    LCD_Loc_Ctrl_Proc                        0x000097fc   ARM Code    1016  lcd.o(i.LCD_Loc_Ctrl_Proc)
    LCD_No_Access                            0x00009bf4   ARM Code      88  lcd.o(i.LCD_No_Access)
    LCD_Write                                0x00009c54   ARM Code    1204  lcd.o(i.LCD_Write)
    LCD_Write_Char                           0x0000a12c   ARM Code    1060  lcd.o(i.LCD_Write_Char)
    LCD_Write_Command                        0x0000a55c   ARM Code    1080  lcd.o(i.LCD_Write_Command)
    Next_Data_Conf_Parameter                 0x0000a9ac   ARM Code     168  std_lib.o(i.Next_Data_Conf_Parameter)
    Non_GPIO_Func_Set                        0x0000aa78   ARM Code     240  io_lib.o(i.Non_GPIO_Func_Set)
    Output_Dev_Init                          0x0000ab70   ARM Code     168  io_lib.o(i.Output_Dev_Init)
    Port_Read                                0x0000ac90   ARM Code     276  io_lib.o(i.Port_Read)
    Port_Write                               0x0000adb0   ARM Code     340  io_lib.o(i.Port_Write)
    Power_Of                                 0x0000af10   ARM Code      60  std_lib.o(i.Power_Of)
    Reset_Data_Devs_Src_Allow                0x0000b308   ARM Code     116  dev_oper.o(i.Reset_Data_Devs_Src_Allow)
    Reset_Data_ID_Status                     0x0000b38c   ARM Code     304  std_lib.o(i.Reset_Data_ID_Status)
    Reset_Data_IDs_Status                    0x0000b4dc   ARM Code      32  std_lib.o(i.Reset_Data_IDs_Status)
    Reset_IO_Chs                             0x0000b500   ARM Code      20  io_lib.o(i.Reset_IO_Chs)
    Reset_LCD_Cur_Data_Status_Para           0x0000b514   ARM Code     156  lcd.o(i.Reset_LCD_Cur_Data_Status_Para)
    Reset_Ports                              0x0000b5c4   ARM Code     104  io_lib.o(i.Reset_Ports)
    Reset_Process                            0x0000b63c   ARM Code     192  main.o(i.Reset_Process)
    Reset_SW_Ch                              0x0000b70c   ARM Code     172  sw_lib.o(i.Reset_SW_Ch)
    Reset_SW_Chs                             0x0000b7d4   ARM Code      64  sw_lib.o(i.Reset_SW_Chs)
    SW_Allow_Access                          0x0000b81c   ARM Code      76  sw_lib.o(i.SW_Allow_Access)
    SW_Ch_ID_Check_And_Alloc                 0x0000b874   ARM Code     792  sw_lib.o(i.SW_Ch_ID_Check_And_Alloc)
    SW_Ch_UnConfig_By_IO_Ch                  0x0000bb8c   ARM Code     132  sw_lib.o(i.SW_Ch_UnConfig_By_IO_Ch)
    SW_DeInit                                0x0000bce8   ARM Code     248  sw_lib.o(i.SW_DeInit)
    SW_Disable                               0x0000be00   ARM Code      76  sw_lib.o(i.SW_Disable)
    SW_Enable                                0x0000be58   ARM Code      76  sw_lib.o(i.SW_Enable)
    SW_Init                                  0x0000beb0   ARM Code     440  sw_lib.o(i.SW_Init)
    SW_No_Access                             0x0000c0a0   ARM Code      92  sw_lib.o(i.SW_No_Access)
    SW_Oper                                  0x0000c108   ARM Code     524  sw_lib.o(i.SW_Oper)
    SW_Para_Init                             0x0000c36c   ARM Code     316  sw_lib.o(i.SW_Para_Init)
    SW_Press_Proc                            0x0000c4c8   ARM Code     636  sw_lib.o(i.SW_Press_Proc)
    SW_Read                                  0x0000c744   ARM Code     192  sw_lib.o(i.SW_Read)
    SW_Time_Delay                            0x0000c824   ARM Code      44  std_lib.o(i.SW_Time_Delay)
    Set_Auth_Status_Disp_Fsm                 0x0000c850   ARM Code      64  appl.o(i.Set_Auth_Status_Disp_Fsm)
    Set_Cur_Loc_LCD                          0x0000c89c   ARM Code      64  lcd.o(i.Set_Cur_Loc_LCD)
    Set_Data_Devs_Src_Allow                  0x0000c8e0   ARM Code     628  dev_oper.o(i.Set_Data_Devs_Src_Allow)
    Set_Status_Reset_Data_IDs                0x0000cb54   ARM Code     108  std_lib.o(i.Set_Status_Reset_Data_IDs)
    Test_Consucc_Bits                        0x0000ccb8   ARM Code     412  std_lib.o(i.Test_Consucc_Bits)
    UART_Init                                0x0000cea4   ARM Code     328  uart.o(i.UART_Init)
    Write_Bit_in_Data                        0x0000d024   ARM Code     200  std_lib.o(i.Write_Bit_in_Data)
    Write_LCD_Command_NO_BF                  0x0000d108   ARM Code     504  lcd.o(i.Write_LCD_Command_NO_BF)
    main                                     0x0000d344   ARM Code      80  main.o(i.main)
    data_id_ctrl_para                        0x0000d3c4   Data          21  main.o(.constdata)
    data_ids_dev_srcs                        0x0000d3d9   Data          21  main.o(.constdata)
    Region$$Table$$Base                      0x0000d438   Number         0  anon$$obj.o(Region$$Table)
    Region$$Table$$Limit                     0x0000d458   Number         0  anon$$obj.o(Region$$Table)
    Dev_Oper_Func_Table                      0x40000000   Data         560  dev_oper.o(.data)
    default_port_mask                        0x40000238   Data           8  io_lib.o(.data)
    keyboard_status                          0x40000240   Data           1  keyboard.o(.data)
    keyboard_ctrl                            0x4000024c   Data           6  main.o(.data)
    sw_para                                  0x40000252   Data          14  main.o(.data)
    lcd_ctrl                                 0x40000260   Data           5  main.o(.data)
    disp_trace_num                           0x40000268   Data           8  main.o(.data)
    disp_trace_num_fmt                       0x40000270   Data           1  main.o(.data)
    sys_error_or_warning_flag                0x40000274   Data           4  main.o(.data)
    cur_data_id                              0x40000278   Data           1  main.o(.data)
    last_sw_ch_id                            0x4000027a   Data           1  sw_lib.o(.data)
    lcd_disp_status                          0x4000027e   Data           1  appl.o(.data)
    auth_fsm_state                           0x4000027f   Data           1  appl.o(.data)
    status_disp_fsm                          0x40000280   Data           1  appl.o(.data)
    appl_error_or_warning_flag               0x40000281   Data           1  appl.o(.data)
    internal_error_state                     0x40000282   Data           1  std_lib.o(.data)
    lcd_status                               0x40000284   Data          12  lcd.o(.bss)
    data_id_status_para                      0x40000290   Data          72  main.o(.bss)
    __libspace_start                         0x400002d8   Data          96  libspace.o(.bss)
    __temporary_stack_top$libspace           0x40000338   Data           0  libspace.o(.bss)



==============================================================================

Memory Map of the image

  Image Entry point : 0x00000110

  Load Region LR_IROM1 (Base: 0x00000000, Size: 0x0000d6dc, Max: 0x00080000, ABSOLUTE, COMPRESSED[0x0000d4bc])

    Execution Region ER_IROM1 (Base: 0x00000000, Size: 0x0000d458, Max: 0x00080000, ABSOLUTE)

    Base Addr    Size         Type   Attr      Idx    E Section Name        Object

    0x00000000   0x00000110   Code   RO            3    RESET               startup.o
    0x00000110   0x00000008   Code   RO          988  * !!!main             c_t.l(__main.o)
    0x00000118   0x0000003c   Code   RO         1161    !!!scatter          c_t.l(__scatter.o)
    0x00000154   0x00000044   Code   RO         1159    !!dczerorl          c_t.l(__dczerorl.o)
    0x00000198   0x0000002c   Code   RO         1163    !!handler_zi        c_t.l(__scatter_zi.o)
    0x000001c4   0x00000008   Ven    RO         1027    .ARM.Collect$$libinit$$00000000  c_t.l(libinit.o)
    0x000001cc   0x00000002   Code   RO         1027    .ARM.Collect$$libinit$$00000000  c_t.l(libinit.o)
    0x000001ce   0x00000000   Code   RO         1040    .ARM.Collect$$libinit$$00000002  c_t.l(libinit2.o)
    0x000001ce   0x00000000   Code   RO         1042    .ARM.Collect$$libinit$$00000004  c_t.l(libinit2.o)
    0x000001ce   0x00000000   Code   RO         1045    .ARM.Collect$$libinit$$0000000A  c_t.l(libinit2.o)
    0x000001ce   0x00000000   Code   RO         1047    .ARM.Collect$$libinit$$0000000C  c_t.l(libinit2.o)
    0x000001ce   0x00000000   Code   RO         1049    .ARM.Collect$$libinit$$0000000E  c_t.l(libinit2.o)
    0x000001ce   0x00000000   Code   RO         1052    .ARM.Collect$$libinit$$00000011  c_t.l(libinit2.o)
    0x000001ce   0x00000000   Code   RO         1054    .ARM.Collect$$libinit$$00000013  c_t.l(libinit2.o)
    0x000001ce   0x00000000   Code   RO         1056    .ARM.Collect$$libinit$$00000015  c_t.l(libinit2.o)
    0x000001ce   0x00000000   Code   RO         1058    .ARM.Collect$$libinit$$00000017  c_t.l(libinit2.o)
    0x000001ce   0x00000000   Code   RO         1060    .ARM.Collect$$libinit$$00000019  c_t.l(libinit2.o)
    0x000001ce   0x00000000   Code   RO         1062    .ARM.Collect$$libinit$$0000001B  c_t.l(libinit2.o)
    0x000001ce   0x00000000   Code   RO         1064    .ARM.Collect$$libinit$$0000001D  c_t.l(libinit2.o)
    0x000001ce   0x00000000   Code   RO         1066    .ARM.Collect$$libinit$$0000001F  c_t.l(libinit2.o)
    0x000001ce   0x00000000   Code   RO         1068    .ARM.Collect$$libinit$$00000021  c_t.l(libinit2.o)
    0x000001ce   0x00000000   Code   RO         1070    .ARM.Collect$$libinit$$00000023  c_t.l(libinit2.o)
    0x000001ce   0x00000000   Code   RO         1072    .ARM.Collect$$libinit$$00000025  c_t.l(libinit2.o)
    0x000001ce   0x00000000   Code   RO         1076    .ARM.Collect$$libinit$$0000002C  c_t.l(libinit2.o)
    0x000001ce   0x00000000   Code   RO         1078    .ARM.Collect$$libinit$$0000002E  c_t.l(libinit2.o)
    0x000001ce   0x00000000   Code   RO         1080    .ARM.Collect$$libinit$$00000030  c_t.l(libinit2.o)
    0x000001ce   0x00000000   Code   RO         1082    .ARM.Collect$$libinit$$00000032  c_t.l(libinit2.o)
    0x000001ce   0x0000000c   Code   RO         1083    .ARM.Collect$$libinit$$00000033  c_t.l(libinit2.o)
    0x000001da   0x00000002   PAD
    0x000001dc   0x00000008   Ven    RO         1116    .ARM.Collect$$libshutdown$$00000000  c_t.l(libshutdown.o)
    0x000001e4   0x00000004   Code   RO         1116    .ARM.Collect$$libshutdown$$00000000  c_t.l(libshutdown.o)
    0x000001e8   0x00000000   Code   RO         1142    .ARM.Collect$$libshutdown$$00000002  c_t.l(libshutdown2.o)
    0x000001e8   0x00000000   Code   RO         1144    .ARM.Collect$$libshutdown$$00000004  c_t.l(libshutdown2.o)
    0x000001e8   0x00000000   Code   RO         1147    .ARM.Collect$$libshutdown$$00000007  c_t.l(libshutdown2.o)
    0x000001e8   0x00000000   Code   RO         1150    .ARM.Collect$$libshutdown$$0000000A  c_t.l(libshutdown2.o)
    0x000001e8   0x00000000   Code   RO         1152    .ARM.Collect$$libshutdown$$0000000C  c_t.l(libshutdown2.o)
    0x000001e8   0x00000000   Code   RO         1155    .ARM.Collect$$libshutdown$$0000000F  c_t.l(libshutdown2.o)
    0x000001e8   0x00000006   Code   RO         1156    .ARM.Collect$$libshutdown$$00000010  c_t.l(libshutdown2.o)
    0x000001ee   0x00000002   PAD
    0x000001f0   0x00000000   Code   RO          990    .ARM.Collect$$rtentry$$00000000  c_t.l(__rtentry.o)
    0x000001f0   0x00000000   Code   RO          998    .ARM.Collect$$rtentry$$00000002  c_t.l(__rtentry2.o)
    0x000001f0   0x00000008   Code   RO         1010    .ARM.Collect$$rtentry$$00000004  c_t.l(__rtentry4.o)
    0x000001f8   0x00000000   Code   RO         1000    .ARM.Collect$$rtentry$$00000009  c_t.l(__rtentry2.o)
    0x000001f8   0x00000004   Code   RO         1001    .ARM.Collect$$rtentry$$0000000A  c_t.l(__rtentry2.o)
    0x000001fc   0x00000000   Code   RO         1003    .ARM.Collect$$rtentry$$0000000C  c_t.l(__rtentry2.o)
    0x000001fc   0x00000028   Code   RO         1004    .ARM.Collect$$rtentry$$0000000D  c_t.l(__rtentry2.o)
    0x00000224   0x00000004   Ven    RO         1031    .ARM.Collect$$rtexit$$00000000  c_t.l(rtexit.o)
    0x00000228   0x00000004   Code   RO         1031    .ARM.Collect$$rtexit$$00000000  c_t.l(rtexit.o)
    0x0000022c   0x00000000   Code   RO         1087    .ARM.Collect$$rtexit$$00000002  c_t.l(rtexit2.o)
    0x0000022c   0x00000004   Code   RO         1088    .ARM.Collect$$rtexit$$00000003  c_t.l(rtexit2.o)
    0x00000230   0x00000008   Code   RO         1089    .ARM.Collect$$rtexit$$00000004  c_t.l(rtexit2.o)
    0x00000238   0x00000020   Code   RO            4    .text               startup.o
    0x00000258   0x000000d4   Code   RO          964    .text               c_t.l(rt_memcpy.o)
    0x0000032c   0x00000054   Code   RO          966    .text               c_t.l(rt_memclr_w.o)
    0x00000380   0x000000f4   Code   RO          968    .text               c_t.l(strcmp.o)
    0x00000474   0x00000180   Code   RO          970    .text               c_t.l(aeabi_sdiv.o)
    0x000005f4   0x00000006   Code   RO          986    .text               c_t.l(heapauxi.o)
    0x000005fa   0x00000002   PAD
    0x000005fc   0x00000064   Code   RO          995    .text               c_t.l(rt_memcpy_w.o)
    0x00000660   0x00000060   Code   RO         1014    .text               c_t.l(sys_stackheap_outer.o)
    0x000006c0   0x00000014   Code   RO         1016    .text               c_t.l(exit.o)
    0x000006d4   0x0000000c   Code   RO         1028    .text               c_t.l(libspace.o)
    0x000006e0   0x00000008   Ven    RO         1084    .text               c_t.l(sys_exit.o)
    0x000006e8   0x0000000c   Code   RO         1084    .text               c_t.l(sys_exit.o)
    0x000006f4   0x00000004   Code   RO         1105    .text               c_t.l(use_no_semi.o)
    0x000006f8   0x00000000   Code   RO         1107    .text               c_t.l(indicate_semi.o)
    0x000006f8   0x00000024   Code   RO          971    .text_udiv          c_t.l(aeabi_sdiv.o)
    0x0000071c   0x000007e8   Code   RO          777    i.After_Switch_Stoke_Proc  appl.o
    0x00000f04   0x00000230   Code   RO          838    i.Appl_Data_Retrieve_Para  std_lib.o
    0x00001134   0x000000ac   Code   RO          778    i.Appl_HW_Init      appl.o
    0x000011e0   0x0000004c   Code   RO          779    i.Appl_Init         appl.o
    0x0000122c   0x000005b8   Code   RO          780    i.Appl_Proc         appl.o
    0x000017e4   0x00000404   Code   RO          781    i.Appl_Reset        appl.o
    0x00001be8   0x00000d98   Code   RO          782    i.Auth_Fsm_Proc     appl.o
    0x00002980   0x00000284   Code   RO          143    i.Check_GPIO_Func   io_lib.o
    0x00002c04   0x000002cc   Code   RO          270    i.Check_LCD_Busy    lcd.o
    0x00002ed0   0x0000019c   Code   RO          839    i.Comm_Error_Proc   std_lib.o
    0x0000306c   0x00000148   Code   RO          840    i.Config_Consucc_Bits  std_lib.o
    0x000031b4   0x00000454   Code   RO          144    i.Config_GPIO_Func_Set  io_lib.o
    0x00003608   0x000000f8   Code   RO          145    i.Config_Port_Pin_Range_Validate  io_lib.o
    0x00003700   0x000000bc   Code   RO          146    i.Config_Port_Pin_Validate  io_lib.o
    0x000037bc   0x000005cc   Code   RO           12    i.Cur_Data_ID_Dev_Src_Basic_Oper_Func  dev_oper.o
    0x00003d88   0x000004a4   Code   RO           13    i.Cur_Data_ID_Devs_Src_Basic_Oper_Func  dev_oper.o
    0x0000422c   0x000003d4   Code   RO           14    i.Cur_Data_ID_Input_Devs_Read_Oper_Func  dev_oper.o
    0x00004600   0x000003ac   Code   RO           16    i.Data_Dev_Src_Access_Oper_Func  dev_oper.o
    0x000049ac   0x00000100   Code   RO           17    i.Data_ID_Input_Try_Complete_Proc  dev_oper.o
    0x00004aac   0x00000104   Code   RO          841    i.Data_ID_Set_Para  std_lib.o
    0x00004bb0   0x000001d4   Code   RO           18    i.Data_ID_Src_Spec_Dev_Find_Dev_Ch_ID  dev_oper.o
    0x00004d84   0x00000088   Code   RO          842    i.Data_IDs_Set_Para  std_lib.o
    0x00004e0c   0x00000034   Code   RO          147    i.Debug_IO_Func_Set_Validate  io_lib.o
    0x00004e40   0x0000027c   Code   RO           19    i.Dev_ID_Validate   dev_oper.o
    0x000050bc   0x00000570   Code   RO           20    i.Dev_Oper_Read_Status_Proc  dev_oper.o
    0x0000562c   0x00000034   Code   RO          441    i.Disable_All_Keyboards  keyboard.o
    0x00005660   0x00000034   Code   RO          271    i.Disable_All_LCDs  lcd.o
    0x00005694   0x00000034   Code   RO          611    i.Disable_All_SWs   sw_lib.o
    0x000056c8   0x000006cc   Code   RO          783    i.Disp_Status_Fsm   appl.o
    0x00005d94   0x0000000c   Code   RO          442    i.Entered_Key_No_Long_Press_Proc  keyboard.o
    0x00005da0   0x00000094   Code   RO          845    i.Error_or_Warning_Proc  std_lib.o
    0x00005e34   0x00000264   Code   RO          148    i.GPIO_Func_Set     io_lib.o
    0x00006098   0x00000068   Code   RO          546    i.HW_Init           main.o
    0x00006100   0x0000020c   Code   RO          149    i.IO_Ch_Func_Reset  io_lib.o
    0x0000630c   0x000000e8   Code   RO          612    i.IO_Ch_To_SW_Ch    sw_lib.o
    0x000063f4   0x0000013c   Code   RO          150    i.IO_Ch_Validate    io_lib.o
    0x00006530   0x000000ec   Code   RO          151    i.IO_Channel_Read   io_lib.o
    0x0000661c   0x0000013c   Code   RO          152    i.IO_Channel_Write  io_lib.o
    0x00006758   0x00000428   Code   RO          153    i.IO_Channels_Func_Set  io_lib.o
    0x00006b80   0x0000010c   Code   RO          443    i.KeyBoard_Col_Scan  keyboard.o
    0x00006c8c   0x000000ec   Code   RO          444    i.Keyboard_Allow_Access  keyboard.o
    0x00006d78   0x00000188   Code   RO          445    i.Keyboard_BS_SW_Oper  keyboard.o
    0x00006f00   0x00000150   Code   RO          446    i.Keyboard_BS_SW_Read_Proc  keyboard.o
    0x00007050   0x00000298   Code   RO          447    i.Keyboard_DeInit   keyboard.o
    0x000072e8   0x000000f8   Code   RO          448    i.Keyboard_Disable  keyboard.o
    0x000073e0   0x00000078   Code   RO          449    i.Keyboard_Enable   keyboard.o
    0x00007458   0x0000016c   Code   RO          450    i.Keyboard_Enter_SW_Oper  keyboard.o
    0x000075c4   0x00000134   Code   RO          451    i.Keyboard_Enter_SW_Read_Proc  keyboard.o
    0x000076f8   0x000004fc   Code   RO          452    i.Keyboard_Init     keyboard.o
    0x00007bf4   0x0000015c   Code   RO          453    i.Keyboard_Keypad_Oper  keyboard.o
    0x00007d50   0x000000f4   Code   RO          454    i.Keyboard_No_Access  keyboard.o
    0x00007e44   0x00000514   Code   RO          456    i.Keyboard_Read     keyboard.o
    0x00008358   0x00000050   Code   RO          272    i.LCD_Allow_Access  lcd.o
    0x000083a8   0x0000002c   Code   RO          273    i.LCD_Clear_Screen  lcd.o
    0x000083d4   0x000002fc   Code   RO          274    i.LCD_Cur_Data_By_NumChars_Calc_Para  lcd.o
    0x000086d0   0x0000017c   Code   RO          277    i.LCD_DeInit        lcd.o
    0x0000884c   0x00000078   Code   RO          278    i.LCD_Disable       lcd.o
    0x000088c4   0x0000019c   Code   RO          279    i.LCD_Disp_Goto_XY  lcd.o
    0x00008a60   0x0000033c   Code   RO          280    i.LCD_Disp_Num      lcd.o
    0x00008d9c   0x000000c8   Code   RO          281    i.LCD_Disp_Str      lcd.o
    0x00008e64   0x00000078   Code   RO          282    i.LCD_Enable        lcd.o
    0x00008edc   0x00000264   Code   RO          283    i.LCD_From_Loc_to_XY  lcd.o
    0x00009140   0x000001dc   Code   RO          284    i.LCD_From_XY_To_Loc  lcd.o
    0x0000931c   0x00000344   Code   RO          285    i.LCD_Init          lcd.o
    0x00009660   0x0000019c   Code   RO          286    i.LCD_Input_Goto_XY  lcd.o
    0x000097fc   0x000003f8   Code   RO          287    i.LCD_Loc_Ctrl_Proc  lcd.o
    0x00009bf4   0x00000060   Code   RO          288    i.LCD_No_Access     lcd.o
    0x00009c54   0x000004d8   Code   RO          289    i.LCD_Write         lcd.o
    0x0000a12c   0x00000430   Code   RO          290    i.LCD_Write_Char    lcd.o
    0x0000a55c   0x00000450   Code   RO          291    i.LCD_Write_Command  lcd.o
    0x0000a9ac   0x000000cc   Code   RO          846    i.Next_Data_Conf_Parameter  std_lib.o
    0x0000aa78   0x000000f8   Code   RO          154    i.Non_GPIO_Func_Set  io_lib.o
    0x0000ab70   0x000000b8   Code   RO          156    i.Output_Dev_Init   io_lib.o
    0x0000ac28   0x00000068   Code   RO          547    i.PLL_Init          main.o
    0x0000ac90   0x00000120   Code   RO          157    i.Port_Read         io_lib.o
    0x0000adb0   0x00000160   Code   RO          158    i.Port_Write        io_lib.o
    0x0000af10   0x0000003c   Code   RO          847    i.Power_Of          std_lib.o
    0x0000af4c   0x000003bc   Code   RO          292    i.Read_LCD_Command  lcd.o
    0x0000b308   0x00000084   Code   RO           21    i.Reset_Data_Devs_Src_Allow  dev_oper.o
    0x0000b38c   0x00000150   Code   RO          848    i.Reset_Data_ID_Status  std_lib.o
    0x0000b4dc   0x00000024   Code   RO          849    i.Reset_Data_IDs_Status  std_lib.o
    0x0000b500   0x00000014   Code   RO          159    i.Reset_IO_Chs      io_lib.o
    0x0000b514   0x000000b0   Code   RO          293    i.Reset_LCD_Cur_Data_Status_Para  lcd.o
    0x0000b5c4   0x00000078   Code   RO          160    i.Reset_Ports       io_lib.o
    0x0000b63c   0x000000d0   Code   RO          548    i.Reset_Process     main.o
    0x0000b70c   0x000000c8   Code   RO          613    i.Reset_SW_Ch       sw_lib.o
    0x0000b7d4   0x00000048   Code   RO          614    i.Reset_SW_Chs      sw_lib.o
    0x0000b81c   0x00000058   Code   RO          615    i.SW_Allow_Access   sw_lib.o
    0x0000b874   0x00000318   Code   RO          616    i.SW_Ch_ID_Check_And_Alloc  sw_lib.o
    0x0000bb8c   0x00000094   Code   RO          618    i.SW_Ch_UnConfig_By_IO_Ch  sw_lib.o
    0x0000bc20   0x000000c8   Code   RO          619    i.SW_Ch_Validate    sw_lib.o
    0x0000bce8   0x00000118   Code   RO          620    i.SW_DeInit         sw_lib.o
    0x0000be00   0x00000058   Code   RO          621    i.SW_Disable        sw_lib.o
    0x0000be58   0x00000058   Code   RO          622    i.SW_Enable         sw_lib.o
    0x0000beb0   0x000001f0   Code   RO          623    i.SW_Init           sw_lib.o
    0x0000c0a0   0x00000068   Code   RO          624    i.SW_No_Access      sw_lib.o
    0x0000c108   0x00000264   Code   RO          625    i.SW_Oper           sw_lib.o
    0x0000c36c   0x0000015c   Code   RO          626    i.SW_Para_Init      sw_lib.o
    0x0000c4c8   0x0000027c   Code   RO          627    i.SW_Press_Proc     sw_lib.o
    0x0000c744   0x000000e0   Code   RO          628    i.SW_Read           sw_lib.o
    0x0000c824   0x0000002c   Code   RO          850    i.SW_Time_Delay     std_lib.o
    0x0000c850   0x0000004c   Code   RO          784    i.Set_Auth_Status_Disp_Fsm  appl.o
    0x0000c89c   0x00000044   Code   RO          294    i.Set_Cur_Loc_LCD   lcd.o
    0x0000c8e0   0x00000274   Code   RO           22    i.Set_Data_Devs_Src_Allow  dev_oper.o
    0x0000cb54   0x0000007c   Code   RO          851    i.Set_Status_Reset_Data_IDs  std_lib.o
    0x0000cbd0   0x000000e8   Code   RO          549    i.System_Init       main.o
    0x0000ccb8   0x000001b8   Code   RO          854    i.Test_Consucc_Bits  std_lib.o
    0x0000ce70   0x00000034   Code   RO          161    i.Trace_IO_Func_Set_Validate  io_lib.o
    0x0000cea4   0x00000180   Code   RO          739    i.UART_Init         uart.o
    0x0000d024   0x000000e4   Code   RO          855    i.Write_Bit_in_Data  std_lib.o
    0x0000d108   0x0000023c   Code   RO          295    i.Write_LCD_Command_NO_BF  lcd.o
    0x0000d344   0x00000050   Code   RO          550    i.main              main.o
    0x0000d394   0x00000001   Data   RO           23    .constdata          dev_oper.o
    0x0000d395   0x00000003   PAD
    0x0000d398   0x0000002c   Data   RO          162    .constdata          io_lib.o
    0x0000d3c4   0x0000002a   Data   RO          552    .constdata          main.o
    0x0000d3ee   0x00000002   PAD
    0x0000d3f0   0x00000038   Data   RO          744    .constdata          uart.o
    0x0000d428   0x0000000d   Data   RO          785    .constdata          appl.o
    0x0000d435   0x00000003   PAD
    0x0000d438   0x00000020   Data   RO         1157    Region$$Table       anon$$obj.o


    Execution Region RW_IRAM1 (Base: 0x40000000, Size: 0x000007c0, Max: 0x00008000, ABSOLUTE, COMPRESSED[0x00000064])

    Base Addr    Size         Type   Attr      Idx    E Section Name        Object

    0x40000000   0x00000230   Data   RW           24    .data               dev_oper.o
    0x40000230   0x00000010   Data   RW          163    .data               io_lib.o
    0x40000240   0x00000009   Data   RW          457    .data               keyboard.o
    0x40000249   0x00000003   PAD
    0x4000024c   0x0000002d   Data   RW          553    .data               main.o
    0x40000279   0x00000001   PAD
    0x4000027a   0x00000004   Data   RW          631    .data               sw_lib.o
    0x4000027e   0x00000004   Data   RW          786    .data               appl.o
    0x40000282   0x00000002   Data   RW          856    .data               std_lib.o
    0x40000284   0x0000000c   Zero   RW          296    .bss                lcd.o
    0x40000290   0x00000048   Zero   RW          551    .bss                main.o
    0x400002d8   0x00000060   Zero   RW         1029    .bss                c_t.l(libspace.o)
    0x40000338   0x00000000   Zero   RW            2    HEAP                startup.o
    0x40000338   0x00000488   Zero   RW            1    STACK               startup.o


==============================================================================

Image component sizes


      Code (inc. data)   RO Data    RW Data    ZI Data      Debug   Object Name

     10060       1384         13          4          0      10875   appl.o
      8104        744          1        560          0      30294   dev_oper.o
      6572        292         44         16          0      21775   io_lib.o
      6168        592          0          9          0      13642   keyboard.o
     12352       1224          0          0         12      24354   lcd.o
       728         76         42         45         72      15458   main.o
       304         60          0          0       1160        540   startup.o
      3316        316          0          2          0      15265   std_lib.o
      4660        572          0          4          0      12600   sw_lib.o
       384         56         56          0          0       1404   uart.o

    ----------------------------------------------------------------------
     52648       5316        196        644       1244     146207   Object Totals
         0          0         32          0          0          0   (incl. Generated)
         0          0          8          4          0          0   (incl. Padding)

    ----------------------------------------------------------------------

      Code (inc. data)   RO Data    RW Data    ZI Data      Debug   Library Member Name

        68          2          0          0          0          0   __dczerorl.o
         8          0          0          0          0         68   __main.o
         0          0          0          0          0          0   __rtentry.o
        44          4          0          0          0          0   __rtentry2.o
         8          0          0          0          0          0   __rtentry4.o
        60          8          0          0          0          0   __scatter.o
        44          0          0          0          0          0   __scatter_zi.o
       420          0          0          0          0        148   aeabi_sdiv.o
        20          0          0          0          0         80   exit.o
         6          0          0          0          0        136   heapauxi.o
         0          0          0          0          0          0   indicate_semi.o
        10          0          0          0          0          0   libinit.o
        12          0          0          0          0          0   libinit2.o
        12          0          0          0          0          0   libshutdown.o
         6          0          0          0          0          0   libshutdown2.o
        12          4          0          0         96         68   libspace.o
        84          0          0          0          0         80   rt_memclr_w.o
       212          0          0          0          0         68   rt_memcpy.o
       100          0          0          0          0         80   rt_memcpy_w.o
         8          0          0          0          0          0   rtexit.o
        12          0          0          0          0          0   rtexit2.o
       244          4          0          0          0         80   strcmp.o
        20          4          0          0          0         60   sys_exit.o
        96          0          0          0          0         80   sys_stackheap_outer.o
         4          0          0          0          0         68   use_no_semi.o

    ----------------------------------------------------------------------
      1516         26          0          0         96       1016   Library Totals
         6          0          0          0          0          0   (incl. Padding)

    ----------------------------------------------------------------------

      Code (inc. data)   RO Data    RW Data    ZI Data      Debug   Library Name

      1510         26          0          0         96       1016   c_t.l

    ----------------------------------------------------------------------
      1516         26          0          0         96       1016   Library Totals

    ----------------------------------------------------------------------

==============================================================================


      Code (inc. data)   RO Data    RW Data    ZI Data      Debug   

     54164       5342        196        644       1340     141203   Grand Totals
     54164       5342        196        100       1340     141203   ELF Image Totals (compressed)
     54164       5342        196        100          0          0   ROM Totals

==============================================================================

    Total RO  Size (Code + RO Data)                54360 (  53.09kB)
    Total RW  Size (RW Data + ZI Data)              1984 (   1.94kB)
    Total ROM Size (Code + RO Data + RW Data)      54460 (  53.18kB)

==============================================================================

